Component: ARM Compiler 5.06 update 6 (build 750) Tool: armlink [4d35ed]

==============================================================================

Section Cross References

    system_da14531.o(.text) refers to system_da14531.o(.data) for .data
    system_da14531.o(.text) refers to otp_cs.o(otp_cs_booter) for booter_val
    startup_da14531.o(RESET) refers to startup_da14531.o(STACK) for __initial_sp
    startup_da14531.o(RESET) refers to startup_da14531.o(.text) for Reset_Handler
    startup_da14531.o(RESET) refers to rwble.o(.text) for BLE_WAKEUP_LP_Handler
    startup_da14531.o(RESET) refers to uart.o(.text) for UART2_Handler
    startup_da14531.o(RESET) refers to i2c.o(.text) for I2C_Handler
    startup_da14531.o(RESET) refers to adc_531.o(.text) for ADC_Handler
    startup_da14531.o(RESET) refers to gpio.o(.text) for GPIO0_Handler
    startup_da14531.o(RESET) refers to wkupct_quadec.o(.text) for WKUP_QUADEC_Handler
    startup_da14531.o(RESET) refers to timer1.o(.text) for SWTIM1_Handler
    startup_da14531.o(RESET) refers to rtc.o(.text) for RTC_Handler
    startup_da14531.o(.text) refers to system_da14531.o(.text) for SystemInit
    startup_da14531.o(.text) refers to entry.o(.ARM.Collect$$$$00000000) for __main
    startup_da14531.o(.text) refers to nmi_handler.o(.text) for NMI_HandlerC
    startup_da14531.o(.text) refers to hardfault_handler.o(.text) for HardFault_HandlerC
    nvds.o(.constdata) refers to nvds.o(.constdata) for nvds_data_storage
    nvds.o(.constdata) refers to arch_system.o(retention_mem_area0) for dev_bdaddr
    arch_main.o(.text) refers to arch_system.o(.text) for system_init
    arch_main.o(.text) refers to rwip.o(.text) for rwip_sleep
    arch_main.o(.text) refers to arch_sleep.o(.text) for arch_get_sleep_mode
    arch_main.o(.text) refers to user_periph_setup.o(.text) for periph_init
    arch_main.o(.text) refers to hw_otpc_531.o(.text) for hw_otpc_init
    arch_main.o(.text) refers (Weak) to hw_otpc_531.o(.text) for hw_otpc_clear_dcdc_reserved
    arch_main.o(.text) refers to syscntl.o(.text) for syscntl_dcdc_set_level
    arch_main.o(.text) refers to rwble.o(retention_mem_area0) for arch_rwble_last_event
    arch_main.o(.text) refers to otp_cs.o(otp_cs_booter) for booter_val
    arch_main.o(.text) refers to arch_main.o(retention_mem_area0) for retention_mem_area0
    arch_main.o(.constdata) refers to app_default_handlers.o(.text) for default_app_on_init
    jump_table.o(.constdata) refers to ble_arp.o(.text) for rf_init_func
    jump_table.o(.constdata) refers to jump_table.o(.text) for platform_reset_func
    jump_table.o(.constdata) refers to rwble.o(.text) for lld_sleep_compensate_func
    jump_table.o(.constdata) refers to arch_system.o(.text) for lld_sleep_init_func
    jump_table.o(.constdata) refers to patch.o(.text) for JT_lld_test_mode_rx_func
    jump_table.o(.constdata) refers to prf.o(.text) for prf_init_func
    jump_table.o(.constdata) refers to jump_table.o(heap_mem_area_not_ret) for rwip_heap_non_ret
    jump_table.o(.constdata) refers to jump_table.o(heap_env_area) for rwip_heap_env_ret
    jump_table.o(.constdata) refers to jump_table.o(heap_db_area) for rwip_heap_db_ret
    jump_table.o(.constdata) refers to jump_table.o(heap_msg_area) for rwip_heap_msg_ret
    jump_table.o(.constdata) refers to nvds.o(.constdata) for rom_nvds_cfg
    jump_table.o(.constdata) refers to chacha20.o(.constdata) for rom_chacha20_cfg
    jump_table.o(.constdata) refers to custs1.o(.constdata) for rom_cust_prf_cfg
    jump_table.o(.constdata) refers to prf.o(.constdata) for rom_prf_cfg
    jump_table.o(.constdata) refers to app_entry_point.o(.constdata) for rom_app_task_cfg
    arch_sleep.o(.text) refers to arch_sleep.o(retention_mem_area0) for retention_mem_area0
    arch_sleep.o(.text) refers to arch_sleep.o(.text) for arch_set_extended_sleep
    arch_sleep.o(.text) refers to arch_sleep.o(retention_mem_area0) for retention_mem_area0
    arch_sleep.o(.text) refers to arch_sleep.o(.text) for arch_get_sleep_mode
    arch_sleep.o(.text) refers to arch_sleep.o(retention_mem_area0) for retention_mem_area0
    arch_sleep.o(.text) refers to rwble.o(retention_mem_area0) for arch_rwble_last_event
    arch_system.o(.text) refers to arch_system.o(i.__ARM_common_ll_muluu) for __ARM_common_ll_muluu
    arch_system.o(.text) refers to otp_cs.o(.text) for otp_cs_get_xtal_wait_trim
    arch_system.o(.text) refers to adc_531.o(.text) for adc_init
    arch_system.o(.text) refers to ble_arp.o(.text) for rf_recalibration
    arch_system.o(.text) refers to gpio.o(.text) for GPIO_init
    arch_system.o(.text) refers to hw_otpc_531.o(.text) for hw_otpc_init
    arch_system.o(.text) refers to otp_hdr.o(.text) for otp_hdr_get_bd_address
    arch_system.o(.text) refers to arch_rom.o(.text) for arch_rom_init
    arch_system.o(.text) refers to user_periph_setup.o(.text) for periph_init
[...]
    rwip_wakeup_delay_set                    0x07f1d51d   Thumb Code     0  da14531_symbols.txt ABSOLUTE
    rwip_sleep_enable                        0x07f1d52b   Thumb Code     0  da14531_symbols.txt ABSOLUTE
    rwip_ext_wakeup_enable                   0x07f1d531   Thumb Code     0  da14531_symbols.txt ABSOLUTE
    rwble_init                               0x07f1d555   Thumb Code     0  da14531_symbols.txt ABSOLUTE
    rwble_reset                              0x07f1d5bb   Thumb Code     0  da14531_symbols.txt ABSOLUTE
    rwble_version                            0x07f1d5ef   Thumb Code     0  da14531_symbols.txt ABSOLUTE
    rwble_send_message                       0x07f1d61b   Thumb Code     0  da14531_symbols.txt ABSOLUTE
    YieldToScheduler                         0x07f1d725   Thumb Code     0  da14531_symbols.txt ABSOLUTE
    xorshift64star                           0x07f1d72d   Thumb Code     0  da14531_symbols.txt ABSOLUTE
    uECC_set_rng                             0x07f1d793   Thumb Code     0  da14531_symbols.txt ABSOLUTE
    uECC_get_rng                             0x07f1d799   Thumb Code     0  da14531_symbols.txt ABSOLUTE
    uECC_curve_private_key_size              0x07f1d79f   Thumb Code     0  da14531_symbols.txt ABSOLUTE
    uECC_curve_public_key_size               0x07f1d7af   Thumb Code     0  da14531_symbols.txt ABSOLUTE
    uECC_vli_clear                           0x07f1d7b7   Thumb Code     0  da14531_symbols.txt ABSOLUTE
    uECC_vli_isZero                          0x07f1d7cd   Thumb Code     0  da14531_symbols.txt ABSOLUTE
    uECC_vli_testBit                         0x07f1d7ef   Thumb Code     0  da14531_symbols.txt ABSOLUTE
    uECC_vli_numBits                         0x07f1d801   Thumb Code     0  da14531_symbols.txt ABSOLUTE
    uECC_vli_set                             0x07f1d83b   Thumb Code     0  da14531_symbols.txt ABSOLUTE
    uECC_vli_equal                           0x07f1d879   Thumb Code     0  da14531_symbols.txt ABSOLUTE
    uECC_vli_cmp                             0x07f1d89d   Thumb Code     0  da14531_symbols.txt ABSOLUTE
    uECC_vli_rshift1                         0x07f1d8d3   Thumb Code     0  da14531_symbols.txt ABSOLUTE
    uECC_vli_square                          0x07f1d8f1   Thumb Code     0  da14531_symbols.txt ABSOLUTE
    uECC_vli_modAdd                          0x07f1d8fd   Thumb Code     0  da14531_symbols.txt ABSOLUTE
    uECC_vli_modSub                          0x07f1d92b   Thumb Code     0  da14531_symbols.txt ABSOLUTE
    uECC_vli_mmod                            0x07f1d94b   Thumb Code     0  da14531_symbols.txt ABSOLUTE
    uECC_vli_modMult                         0x07f1da55   Thumb Code     0  da14531_symbols.txt ABSOLUTE
    uECC_vli_modMult_fast                    0x07f1da77   Thumb Code     0  da14531_symbols.txt ABSOLUTE
    uECC_vli_modSquare                       0x07f1da97   Thumb Code     0  da14531_symbols.txt ABSOLUTE
    uECC_vli_modSquare_fast                  0x07f1daa5   Thumb Code     0  da14531_symbols.txt ABSOLUTE
    uECC_vli_modInv                          0x07f1dae5   Thumb Code     0  da14531_symbols.txt ABSOLUTE
    uECC_secp256r1                           0x07f1de21   Thumb Code     0  da14531_symbols.txt ABSOLUTE
    uECC_vli_nativeToBytes                   0x07f1e41f   Thumb Code     0  da14531_symbols.txt ABSOLUTE
    uECC_vli_bytesToNative                   0x07f1e441   Thumb Code     0  da14531_symbols.txt ABSOLUTE
    uECC_generate_random_int                 0x07f1e47f   Thumb Code     0  da14531_symbols.txt ABSOLUTE
    uECC_make_key                            0x07f1e4e1   Thumb Code     0  da14531_symbols.txt ABSOLUTE
    uECC_shared_secret                       0x07f1e55f   Thumb Code     0  da14531_symbols.txt ABSOLUTE
    uECC_compress                            0x07f1e61b   Thumb Code     0  da14531_symbols.txt ABSOLUTE
    uECC_decompress                          0x07f1e649   Thumb Code     0  da14531_symbols.txt ABSOLUTE
    uECC_valid_point                         0x07f1e6b9   Thumb Code     0  da14531_symbols.txt ABSOLUTE
    uECC_valid_public_key                    0x07f1e71b   Thumb Code     0  da14531_symbols.txt ABSOLUTE
    uECC_compute_public_key                  0x07f1e74f   Thumb Code     0  da14531_symbols.txt ABSOLUTE
    uECC_sign                                0x07f1e9d5   Thumb Code     0  da14531_symbols.txt ABSOLUTE
    uECC_sign_deterministic                  0x07f1eabb   Thumb Code     0  da14531_symbols.txt ABSOLUTE
    uECC_verify                              0x07f1ec29   Thumb Code     0  da14531_symbols.txt ABSOLUTE
    uECC_curve_num_words                     0x07f1eed5   Thumb Code     0  da14531_symbols.txt ABSOLUTE
    uECC_curve_num_bytes                     0x07f1eedd   Thumb Code     0  da14531_symbols.txt ABSOLUTE
    uECC_curve_num_bits                      0x07f1eee5   Thumb Code     0  da14531_symbols.txt ABSOLUTE
    uECC_curve_num_n_words                   0x07f1eeed   Thumb Code     0  da14531_symbols.txt ABSOLUTE
    uECC_curve_num_n_bytes                   0x07f1eefd   Thumb Code     0  da14531_symbols.txt ABSOLUTE
    uECC_curve_num_n_bits                    0x07f1ef0d   Thumb Code     0  da14531_symbols.txt ABSOLUTE
    uECC_curve_p                             0x07f1ef15   Thumb Code     0  da14531_symbols.txt ABSOLUTE
    uECC_curve_n                             0x07f1ef19   Thumb Code     0  da14531_symbols.txt ABSOLUTE
    uECC_curve_G                             0x07f1ef1d   Thumb Code     0  da14531_symbols.txt ABSOLUTE
    uECC_curve_b                             0x07f1ef21   Thumb Code     0  da14531_symbols.txt ABSOLUTE
    uECC_vli_mod_sqrt                        0x07f1ef25   Thumb Code     0  da14531_symbols.txt ABSOLUTE
    uECC_vli_mmod_fast                       0x07f1ef2b   Thumb Code     0  da14531_symbols.txt ABSOLUTE
    uECC_point_mult                          0x07f1ef31   Thumb Code     0  da14531_symbols.txt ABSOLUTE
    __aeabi_uidiv                            0x07f1f005   Thumb Code     0  da14531_symbols.txt ABSOLUTE
    __aeabi_uidivmod                         0x07f1f005   Thumb Code     0  da14531_symbols.txt ABSOLUTE
    __aeabi_idiv                             0x07f1f031   Thumb Code     0  da14531_symbols.txt ABSOLUTE
    __aeabi_idivmod                          0x07f1f031   Thumb Code     0  da14531_symbols.txt ABSOLUTE
    __aeabi_lmul                             0x07f1f059   Thumb Code     0  da14531_symbols.txt ABSOLUTE
    _ll_mul                                  0x07f1f059   Thumb Code     0  da14531_symbols.txt ABSOLUTE
    rand                                     0x07f1f0d5   Thumb Code     0  da14531_symbols.txt ABSOLUTE
    srand                                    0x07f1f0e7   Thumb Code     0  da14531_symbols.txt ABSOLUTE
    __aeabi_memcpy                           0x07f1f0f9   Thumb Code     0  da14531_symbols.txt ABSOLUTE
    __aeabi_memcpy4                          0x07f1f0f9   Thumb Code     0  da14531_symbols.txt ABSOLUTE
    __aeabi_memcpy8                          0x07f1f0f9   Thumb Code     0  da14531_symbols.txt ABSOLUTE
    __aeabi_memset                           0x07f1f11d   Thumb Code     0  da14531_symbols.txt ABSOLUTE
    __aeabi_memset4                          0x07f1f11d   Thumb Code     0  da14531_symbols.txt ABSOLUTE
    __aeabi_memset8                          0x07f1f11d   Thumb Code     0  da14531_symbols.txt ABSOLUTE
    __aeabi_memclr                           0x07f1f12b   Thumb Code     0  da14531_symbols.txt ABSOLUTE
    __aeabi_memclr4                          0x07f1f12b   Thumb Code     0  da14531_symbols.txt ABSOLUTE
    __aeabi_memclr8                          0x07f1f12b   Thumb Code     0  da14531_symbols.txt ABSOLUTE
    _memset$wrapper                          0x07f1f12f   Thumb Code     0  da14531_symbols.txt ABSOLUTE
    memcmp                                   0x07f1f141   Thumb Code     0  da14531_symbols.txt ABSOLUTE
    __aeabi_uread4                           0x07f1f15b   Thumb Code     0  da14531_symbols.txt ABSOLUTE
    __rt_uread4                              0x07f1f15b   Thumb Code     0  da14531_symbols.txt ABSOLUTE
    _uread4                                  0x07f1f15b   Thumb Code     0  da14531_symbols.txt ABSOLUTE
    __aeabi_uwrite4                          0x07f1f16f   Thumb Code     0  da14531_symbols.txt ABSOLUTE
    __rt_uwrite4                             0x07f1f16f   Thumb Code     0  da14531_symbols.txt ABSOLUTE
    _uwrite4                                 0x07f1f16f   Thumb Code     0  da14531_symbols.txt ABSOLUTE
    __aeabi_llsl                             0x07f1f181   Thumb Code     0  da14531_symbols.txt ABSOLUTE
    _ll_shift_l                              0x07f1f181   Thumb Code     0  da14531_symbols.txt ABSOLUTE
    __ARM_common_switch8                     0x07f1f1a1   Thumb Code     0  da14531_symbols.txt ABSOLUTE
    uart_api                                 0x07f1f1bc   Data           0  da14531_symbols.txt ABSOLUTE
    co_sca2ppm                               0x07f1f1cc   Data           0  da14531_symbols.txt ABSOLUTE
    co_null_bdaddr                           0x07f1f1dc   Data           0  da14531_symbols.txt ABSOLUTE
    co_default_bdaddr                        0x07f1f1e2   Data           0  da14531_symbols.txt ABSOLUTE
    llc_state_handler                        0x07f1f468   Data           0  da14531_symbols.txt ABSOLUTE
    llc_default_handler                      0x07f1f538   Data           0  da14531_symbols.txt ABSOLUTE
    llm_dflt_bdaddr                          0x07f1f550   Data           0  da14531_symbols.txt ABSOLUTE
    llm_debug_private_key                    0x07f1f556   Data           0  da14531_symbols.txt ABSOLUTE
    llm_local_le_states                      0x07f1f588   Data           0  da14531_symbols.txt ABSOLUTE
    llm_state_handler                        0x07f1f770   Data           0  da14531_symbols.txt ABSOLUTE
    llm_default_handler                      0x07f1f7a0   Data           0  da14531_symbols.txt ABSOLUTE
    LLM_AA_CT1                               0x07f1f7a8   Data           0  da14531_symbols.txt ABSOLUTE
    LLM_AA_CT2                               0x07f1f7ab   Data           0  da14531_symbols.txt ABSOLUTE
    ecc_p256_G                               0x07f1f7ad   Data           0  da14531_symbols.txt ABSOLUTE
    gtl_default_state                        0x07f1f800   Data           0  da14531_symbols.txt ABSOLUTE
    gtl_default_handler                      0x07f1f808   Data           0  da14531_symbols.txt ABSOLUTE
    hci_cmd_desc_tab_lk_ctrl                 0x07f1f814   Data           0  da14531_symbols.txt ABSOLUTE
    hci_cmd_desc_tab_ctrl_bb                 0x07f1f838   Data           0  da14531_symbols.txt ABSOLUTE
    hci_cmd_desc_tab_info_par                0x07f1f8b0   Data           0  da14531_symbols.txt ABSOLUTE
    hci_cmd_desc_tab_stat_par                0x07f1f8e0   Data           0  da14531_symbols.txt ABSOLUTE
    hci_cmd_desc_tab_le                      0x07f1f8ec   Data           0  da14531_symbols.txt ABSOLUTE
    hci_cmd_desc_tab_vs                      0x07f1fb38   Data           0  da14531_symbols.txt ABSOLUTE
    rom_hci_cmd_desc_root_tab                0x07f1fc7c   Data           0  da14531_symbols.txt ABSOLUTE
    hci_evt_desc_tab                         0x07f1fcac   Data           0  da14531_symbols.txt ABSOLUTE
    hci_evt_le_desc_tab                      0x07f1fcf4   Data           0  da14531_symbols.txt ABSOLUTE
    attc_handlers                            0x07f1fd64   Data           0  da14531_symbols.txt ABSOLUTE
    atts_handlers                            0x07f1fdd4   Data           0  da14531_symbols.txt ABSOLUTE
    gattc_default_state                      0x07f1fe54   Data           0  da14531_symbols.txt ABSOLUTE
    gattc_default_handler                    0x07f1ff34   Data           0  da14531_symbols.txt ABSOLUTE
    gattm_default_state                      0x07f1ff80   Data           0  da14531_symbols.txt ABSOLUTE
    gattm_default_handler                    0x07f1ffd8   Data           0  da14531_symbols.txt ABSOLUTE
    l2cc_default_state                       0x07f1fff0   Data           0  da14531_symbols.txt ABSOLUTE
    l2cc_default_handler                     0x07f20008   Data           0  da14531_symbols.txt ABSOLUTE
    const_Rb                                 0x07f20029   Data           0  da14531_symbols.txt ABSOLUTE
    const_Zero                               0x07f20039   Data           0  da14531_symbols.txt ABSOLUTE
    gapc_default_state                       0x07f2005c   Data           0  da14531_symbols.txt ABSOLUTE
    gapc_default_handler                     0x07f201ac   Data           0  da14531_symbols.txt ABSOLUTE
    gapm_default_state                       0x07f20248   Data           0  da14531_symbols.txt ABSOLUTE
    gapm_default_handler                     0x07f20330   Data           0  da14531_symbols.txt ABSOLUTE
    l2cc_connor_pkt_format                   0x07f20338   Data           0  da14531_symbols.txt ABSOLUTE
    l2cc_signaling_pkt_format                0x07f20340   Data           0  da14531_symbols.txt ABSOLUTE
    l2cc_security_pkt_format                 0x07f2039c   Data           0  da14531_symbols.txt ABSOLUTE
    l2cc_attribute_pkt_format                0x07f203d8   Data           0  da14531_symbols.txt ABSOLUTE
    smpc_construct_pdu                       0x07f20454   Data           0  da14531_symbols.txt ABSOLUTE
    arch_printf_flush                        0x07f20be5   Thumb Code     0  da14531_symbols.txt ABSOLUTE
    arch_vprintf                             0x07f20c9d   Thumb Code     0  da14531_symbols.txt ABSOLUTE
    arch_printf                              0x07f20cfd   Thumb Code     0  da14531_symbols.txt ABSOLUTE
    arch_puts                                0x07f20d11   Thumb Code     0  da14531_symbols.txt ABSOLUTE
    arch_printf_process                      0x07f20d21   Thumb Code     0  da14531_symbols.txt ABSOLUTE
    nvds_get_func                            0x07f20dcd   Thumb Code     0  da14531_symbols.txt ABSOLUTE
    nvds_init_func                           0x07f20ea9   Thumb Code     0  da14531_symbols.txt ABSOLUTE
    nvds_del_func                            0x07f20ead   Thumb Code     0  da14531_symbols.txt ABSOLUTE
    nvds_put_func                            0x07f20eb1   Thumb Code     0  da14531_symbols.txt ABSOLUTE
    csprng_seed                              0x07f20f49   Thumb Code     0  da14531_symbols.txt ABSOLUTE
    csprng_get_next_uint32                   0x07f20f79   Thumb Code     0  da14531_symbols.txt ABSOLUTE
    trng_acquire                             0x07f21021   Thumb Code     0  da14531_symbols.txt ABSOLUTE
    prf_add_profile_func                     0x07f210d1   Thumb Code     0  da14531_symbols.txt ABSOLUTE
    prf_cleanup_func                         0x07f211b1   Thumb Code     0  da14531_symbols.txt ABSOLUTE
    prf_env_get                              0x07f211f1   Thumb Code     0  da14531_symbols.txt ABSOLUTE
    prf_src_task_get                         0x07f2121d   Thumb Code     0  da14531_symbols.txt ABSOLUTE
    prf_dst_task_get                         0x07f2122d   Thumb Code     0  da14531_symbols.txt ABSOLUTE
    prf_get_id_from_task_func                0x07f21241   Thumb Code     0  da14531_symbols.txt ABSOLUTE
    prf_get_task_from_id_func                0x07f21279   Thumb Code     0  da14531_symbols.txt ABSOLUTE
    prf_reset_func                           0x07f212b1   Thumb Code     0  da14531_symbols.txt ABSOLUTE
    prf_itf_get                              0x07f212fd   Thumb Code     0  da14531_symbols.txt ABSOLUTE
    prf_pack_char_pres_fmt                   0x07f21321   Thumb Code     0  da14531_symbols.txt ABSOLUTE
    prf_pack_date_time                       0x07f2133f   Thumb Code     0  da14531_symbols.txt ABSOLUTE
    prf_unpack_date_time                     0x07f2135f   Thumb Code     0  da14531_symbols.txt ABSOLUTE
    diss_compute_cfg_flag                    0x07f21381   Thumb Code     0  da14531_symbols.txt ABSOLUTE
    diss_handle_to_value                     0x07f21453   Thumb Code     0  da14531_symbols.txt ABSOLUTE
    diss_value_to_handle                     0x07f21483   Thumb Code     0  da14531_symbols.txt ABSOLUTE
    diss_check_val_len                       0x07f214b7   Thumb Code     0  da14531_symbols.txt ABSOLUTE
    diss_prf_itf_get                         0x07f214ed   Thumb Code     0  da14531_symbols.txt ABSOLUTE
    bass_get_att_handle                      0x07f2184b   Thumb Code     0  da14531_symbols.txt ABSOLUTE
    bass_get_att_idx                         0x07f21901   Thumb Code     0  da14531_symbols.txt ABSOLUTE
    bass_exe_operation                       0x07f2196b   Thumb Code     0  da14531_symbols.txt ABSOLUTE
    bass_prf_itf_get                         0x07f21a6d   Thumb Code     0  da14531_symbols.txt ABSOLUTE
    suotar_prf_itf_get                       0x07f22059   Thumb Code     0  da14531_symbols.txt ABSOLUTE
    check_client_char_cfg                    0x07f22355   Thumb Code     0  da14531_symbols.txt ABSOLUTE
    get_value_handle                         0x07f2237f   Thumb Code     0  da14531_symbols.txt ABSOLUTE
    get_cfg_handle                           0x07f223cb   Thumb Code     0  da14531_symbols.txt ABSOLUTE
    custs1_get_att_handle                    0x07f2242d   Thumb Code     0  da14531_symbols.txt ABSOLUTE
    custs1_get_att_idx                       0x07f22449   Thumb Code     0  da14531_symbols.txt ABSOLUTE
    custs1_prf_itf_get                       0x07f22621   Thumb Code     0  da14531_symbols.txt ABSOLUTE
    custs1_init_ccc_values                   0x07f226d3   Thumb Code     0  da14531_symbols.txt ABSOLUTE
    custs1_set_ccc_value                     0x07f2270b   Thumb Code     0  da14531_symbols.txt ABSOLUTE
    gattc_cmp_evt_handler                    0x07f22823   Thumb Code     0  da14531_symbols.txt ABSOLUTE
    custs1_val_set_req_handler               0x07f22837   Thumb Code     0  da14531_symbols.txt ABSOLUTE
    custs1_val_ntf_req_handler               0x07f22857   Thumb Code     0  da14531_symbols.txt ABSOLUTE
    custs1_val_ind_req_handler               0x07f228b3   Thumb Code     0  da14531_symbols.txt ABSOLUTE
    custs1_att_info_rsp_handler              0x07f2290f   Thumb Code     0  da14531_symbols.txt ABSOLUTE
    gattc_read_req_ind_handler               0x07f2294b   Thumb Code     0  da14531_symbols.txt ABSOLUTE
    gattc_att_info_req_ind_handler           0x07f22b57   Thumb Code     0  da14531_symbols.txt ABSOLUTE
    custs1_value_req_rsp_handler             0x07f22b99   Thumb Code     0  da14531_symbols.txt ABSOLUTE
    attm_svc_create_db_128                   0x07f22c19   Thumb Code     0  da14531_symbols.txt ABSOLUTE
    gapm_adv_report_ind_handler_ROM          0x07f23085   Thumb Code     0  da14531_symbols.txt ABSOLUTE
    gapc_security_ind_handler_ROM            0x07f2309f   Thumb Code     0  da14531_symbols.txt ABSOLUTE
    gapc_set_dev_info_req_ind_handler_ROM    0x07f23185   Thumb Code     0  da14531_symbols.txt ABSOLUTE
    gapm_profile_added_ind_handler_ROM       0x07f231c7   Thumb Code     0  da14531_symbols.txt ABSOLUTE
    gapc_param_update_req_ind_handler_ROM    0x07f231f9   Thumb Code     0  da14531_symbols.txt ABSOLUTE
    gapc_le_pkt_size_ind_handler_ROM         0x07f23239   Thumb Code     0  da14531_symbols.txt ABSOLUTE
    gattc_svc_changed_cfg_ind_handler_ROM    0x07f23253   Thumb Code     0  da14531_symbols.txt ABSOLUTE
    gapc_peer_features_ind_handler_ROM       0x07f2326f   Thumb Code     0  da14531_symbols.txt ABSOLUTE
    app_entry_point_handler                  0x07f232a9   Thumb Code     0  da14531_symbols.txt ABSOLUTE
    app_std_process_event                    0x07f232f1   Thumb Code     0  da14531_symbols.txt ABSOLUTE
    app_get_address_type_ROM                 0x07f23335   Thumb Code     0  da14531_symbols.txt ABSOLUTE
    app_fill_random_byte_array_ROM           0x07f23361   Thumb Code     0  da14531_symbols.txt ABSOLUTE
    __aeabi_ldivmod                          0x07f233f3   Thumb Code     0  da14531_symbols.txt ABSOLUTE
    __aeabi_llsr                             0x07f2343f   Thumb Code     0  da14531_symbols.txt ABSOLUTE
    _ll_ushift_r                             0x07f2343f   Thumb Code     0  da14531_symbols.txt ABSOLUTE
    __aeabi_uldivmod                         0x07f23461   Thumb Code     0  da14531_symbols.txt ABSOLUTE
    app_db_init_start                        0x07f234c1   Thumb Code     0  da14531_symbols.txt ABSOLUTE
    app_db_init                              0x07f234dd   Thumb Code     0  da14531_symbols.txt ABSOLUTE
    app_easy_gap_confirm                     0x07f234e9   Thumb Code     0  da14531_symbols.txt ABSOLUTE
    append_device_name                       0x07f23515   Thumb Code     0  da14531_symbols.txt ABSOLUTE
    app_easy_gap_update_adv_data             0x07f23539   Thumb Code     0  da14531_symbols.txt ABSOLUTE
    app_easy_gap_disconnect                  0x07f23581   Thumb Code     0  da14531_symbols.txt ABSOLUTE
    app_easy_gap_advertise_stop              0x07f235bd   Thumb Code     0  da14531_symbols.txt ABSOLUTE
    active_conidx_to_conhdl                  0x07f235d9   Thumb Code     0  da14531_symbols.txt ABSOLUTE
    active_conhdl_to_conidx                  0x07f23605   Thumb Code     0  da14531_symbols.txt ABSOLUTE
    app_timer_set                            0x07f23641   Thumb Code     0  da14531_symbols.txt ABSOLUTE
    app_easy_gap_set_data_packet_length      0x07f2365d   Thumb Code     0  da14531_symbols.txt ABSOLUTE
    get_user_prf_srv_perm                    0x07f23699   Thumb Code     0  da14531_symbols.txt ABSOLUTE
    app_set_prf_srv_perm                     0x07f236c1   Thumb Code     0  da14531_symbols.txt ABSOLUTE
    prf_init_srv_perm                        0x07f236f1   Thumb Code     0  da14531_symbols.txt ABSOLUTE
    app_gattc_svc_changed_cmd_send           0x07f23715   Thumb Code     0  da14531_symbols.txt ABSOLUTE
    blank_otp_bdaddr                         0x07f239e4   Data           0  da14531_symbols.txt ABSOLUTE
    app_default_handler                      0x07f23f58   Data           0  da14531_symbols.txt ABSOLUTE
    gap_cfg_user_var_struct                  0x07f23f60   Data           0  da14531_symbols.txt ABSOLUTE
    __Vectors                                0x07fc0000   Data           4  startup_da14531.o(RESET)
    __Vectors_End                            0x07fc00a0   Data           0  startup_da14531.o(RESET)
    booter_val                               0x07fc00a0   Data           8  otp_cs.o(otp_cs_booter)
    Image$$ER_IROM3$$Base                    0x07fc0110   Number         0  anon$$obj.o ABSOLUTE
    __main                                   0x07fc0111   Thumb Code     0  entry.o(.ARM.Collect$$$$00000000)
    _main_stk                                0x07fc0111   Thumb Code     0  entry2.o(.ARM.Collect$$$$00000001)
    _main_scatterload                        0x07fc0115   Thumb Code     0  entry5.o(.ARM.Collect$$$$00000004)
    __main_after_scatterload                 0x07fc0119   Thumb Code     0  entry5.o(.ARM.Collect$$$$00000004)
    _main_clock                              0x07fc0119   Thumb Code     0  entry7b.o(.ARM.Collect$$$$00000008)
    _main_cpp_init                           0x07fc0119   Thumb Code     0  entry8b.o(.ARM.Collect$$$$0000000A)
    _main_init                               0x07fc0119   Thumb Code     0  entry9a.o(.ARM.Collect$$$$0000000B)
    __rt_final_cpp                           0x07fc0121   Thumb Code     0  entry10a.o(.ARM.Collect$$$$0000000D)
    __rt_final_exit                          0x07fc0121   Thumb Code     0  entry11a.o(.ARM.Collect$$$$0000000F)
    SystemInit                               0x07fc0125   Thumb Code   100  system_da14531.o(.text)
    Reset_Handler                            0x07fc01b9   Thumb Code     8  startup_da14531.o(.text)
    SVC_Handler                              0x07fc01f1   Thumb Code     2  startup_da14531.o(.text)
    PendSV_Handler                           0x07fc01f3   Thumb Code     2  startup_da14531.o(.text)
    SysTick_Handler                          0x07fc01f5   Thumb Code     2  startup_da14531.o(.text)
    BLE_RF_DIAG_Handler                      0x07fc01f7   Thumb Code     0  startup_da14531.o(.text)
    DMA_Handler                              0x07fc01f7   Thumb Code     0  startup_da14531.o(.text)
    KEYBRD_Handler                           0x07fc01f7   Thumb Code     0  startup_da14531.o(.text)
    RESERVED21_Handler                       0x07fc01f7   Thumb Code     0  startup_da14531.o(.text)
    RESERVED22_Handler                       0x07fc01f7   Thumb Code     0  startup_da14531.o(.text)
    RESERVED23_Handler                       0x07fc01f7   Thumb Code     0  startup_da14531.o(.text)
    RFCAL_Handler                            0x07fc01f7   Thumb Code     0  startup_da14531.o(.text)
    SPI_Handler                              0x07fc01f7   Thumb Code     0  startup_da14531.o(.text)
    SWTIM_Handler                            0x07fc01f7   Thumb Code     0  startup_da14531.o(.text)
    XTAL32M_RDY_Handler                      0x07fc01f7   Thumb Code     0  startup_da14531.o(.text)
    HardFault_HandlerC                       0x07fc0209   Thumb Code     2  hardfault_handler.o(.text)
    NMI_HandlerC                             0x07fc020d   Thumb Code    42  nmi_handler.o(.text)
    main                                     0x07fc023d   Thumb Code   158  arch_main.o(.text)
    crypto_init_func                         0x07fc0529   Thumb Code     2  jump_table.o(.text)
    ba431_get_rand_func                      0x07fc052b   Thumb Code    24  jump_table.o(.text)
    dia_rand_func                            0x07fc0543   Thumb Code     8  jump_table.o(.text)
    dia_srand_func                           0x07fc054b   Thumb Code    26  jump_table.o(.text)
    dbg_init_func_empty                      0x07fc0565   Thumb Code     2  jump_table.o(.text)
    dbg_platform_reset_complete_func_empty   0x07fc0567   Thumb Code     2  jump_table.o(.text)
    platform_reset_func                      0x07fc0569   Thumb Code    20  jump_table.o(.text)
    arch_disable_sleep                       0x07fc057d   Thumb Code    26  arch_sleep.o(.text)
    arch_set_extended_sleep                  0x07fc0597   Thumb Code    46  arch_sleep.o(.text)
    arch_set_sleep_mode                      0x07fc05c5   Thumb Code    24  arch_sleep.o(.text)
    arch_get_sleep_mode                      0x07fc05dd   Thumb Code    26  arch_sleep.o(.text)
    arch_ble_ext_wakeup_on                   0x07fc05f7   Thumb Code     8  arch_sleep.o(.text)
    arch_ble_ext_wakeup_off                  0x07fc05ff   Thumb Code     8  arch_sleep.o(.text)
    arch_ble_ext_wakeup_get                  0x07fc0607   Thumb Code     6  arch_sleep.o(.text)
    arch_ble_force_wakeup                    0x07fc060d   Thumb Code    46  arch_sleep.o(.text)
    read_rcx_freq                            0x07fc064d   Thumb Code    80  arch_system.o(.text)
    calibrate_rcx20                          0x07fc069d   Thumb Code    28  arch_system.o(.text)
    init_pwr_and_clk_ble                     0x07fc06b9   Thumb Code   160  arch_system.o(.text)
    lld_sleep_lpcycles_2_us_rcx_func         0x07fc0759   Thumb Code    32  arch_system.o(.text)
    lld_sleep_lpcycles_2_us_sel_func         0x07fc0779   Thumb Code     2  arch_system.o(.text)
    lld_sleep_us_2_lpcycles_rcx_func         0x07fc077b   Thumb Code    20  arch_system.o(.text)
    lld_sleep_us_2_lpcycles_sel_func         0x07fc078f   Thumb Code     2  arch_system.o(.text)
    set_sleep_delay                          0x07fc0791   Thumb Code    66  arch_system.o(.text)
    conditionally_run_radio_cals             0x07fc07d3   Thumb Code   134  arch_system.o(.text)
    app_use_lower_clocks_check               0x07fc0859   Thumb Code     4  arch_system.o(.text)
    lld_sleep_init_func                      0x07fc085d   Thumb Code    26  arch_system.o(.text)
    set_xtal32m_trim_value                   0x07fc0877   Thumb Code    82  arch_system.o(.text)
    system_init                              0x07fc08c9   Thumb Code   542  arch_system.o(.text)
    arch_rom_init                            0x07fc0af1   Thumb Code   206  arch_rom.o(.text)
    otp_cs_store                             0x07fc0c45   Thumb Code   480  otp_cs.o(.text)
    otp_cs_load_pd_rad                       0x07fc0e25   Thumb Code    94  otp_cs.o(.text)
    otp_cs_load_pd_adpll                     0x07fc0e83   Thumb Code    70  otp_cs.o(.text)
    otp_cs_get_adc_single_ge                 0x07fc0ec9   Thumb Code     8  otp_cs.o(.text)
    otp_cs_get_adc_single_offset             0x07fc0ed1   Thumb Code     8  otp_cs.o(.text)
    otp_cs_get_adc_diff_ge                   0x07fc0ed9   Thumb Code     8  otp_cs.o(.text)
    otp_cs_get_adc_diff_offset               0x07fc0ee1   Thumb Code     8  otp_cs.o(.text)
    otp_cs_get_adc_trim_val                  0x07fc0ee9   Thumb Code     6  otp_cs.o(.text)
    otp_cs_get_adc_offsh_ge                  0x07fc0eef   Thumb Code     8  otp_cs.o(.text)
    otp_cs_get_adc_offsh_offset              0x07fc0ef7   Thumb Code     8  otp_cs.o(.text)
    otp_cs_get_adc_25_cal                    0x07fc0eff   Thumb Code     6  otp_cs.o(.text)
    otp_cs_get_xtal32m_trim_value            0x07fc0f05   Thumb Code     6  otp_cs.o(.text)
    otp_cs_get_xtal_wait_trim                0x07fc0f0b   Thumb Code     6  otp_cs.o(.text)
    otp_hdr_get_bd_address                   0x07fc0f5d   Thumb Code    12  otp_hdr.o(.text)
    syscntl_use_lowest_amba_clocks           0x07fc0f6d   Thumb Code    22  syscntl.o(.text)
    syscntl_use_highest_amba_clocks          0x07fc0f83   Thumb Code    22  syscntl.o(.text)
    syscntl_cfg_xtal32m_amp_reg              0x07fc0f99   Thumb Code    18  syscntl.o(.text)
    syscntl_dcdc_get_level                   0x07fc0fe5   Thumb Code    20  syscntl.o(.text)
    syscntl_dcdc_set_level                   0x07fc0ff9   Thumb Code    36  syscntl.o(.text)
    syscntl_dcdc_turn_on_in_boost            0x07fc101d   Thumb Code    86  syscntl.o(.text)
    GPIO_init                                0x07fc1085   Thumb Code     2  gpio.o(.text)
    GPIO_SetPinFunction                      0x07fc1087   Thumb Code    18  gpio.o(.text)
    GPIO_SetInactive                         0x07fc1099   Thumb Code    14  gpio.o(.text)
    GPIO_SetActive                           0x07fc10a7   Thumb Code    14  gpio.o(.text)
    GPIO_ConfigurePin                        0x07fc10b5   Thumb Code    38  gpio.o(.text)
    GPIO_GetPinStatus                        0x07fc10db   Thumb Code    20  gpio.o(.text)
    GPIO_EnableIRQ                           0x07fc10ef   Thumb Code   230  gpio.o(.text)
    GPIO_ResetIRQ                            0x07fc11d5   Thumb Code    32  gpio.o(.text)
    GPIO_RegisterCallback                    0x07fc11f5   Thumb Code    20  gpio.o(.text)
    GPIOn_Handler                            0x07fc1209   Thumb Code    52  gpio.o(.text)
    GPIO0_Handler                            0x07fc123d   Thumb Code     4  gpio.o(.text)
    GPIO1_Handler                            0x07fc1241   Thumb Code     4  gpio.o(.text)
    GPIO2_Handler                            0x07fc1245   Thumb Code     4  gpio.o(.text)
    GPIO3_Handler                            0x07fc1249   Thumb Code     4  gpio.o(.text)
    GPIO4_Handler                            0x07fc124d   Thumb Code     4  gpio.o(.text)
    WKUP_QUADEC_Handler                      0x07fc12cd   Thumb Code   142  wkupct_quadec.o(.text)
    wkupct_enable_irq                        0x07fc135b   Thumb Code    68  wkupct_quadec.o(.text)
    wkupct2_enable_irq                       0x07fc139f   Thumb Code    68  wkupct_quadec.o(.text)
    wkupct_register_callback                 0x07fc13e3   Thumb Code     6  wkupct_quadec.o(.text)
    wkupct2_register_callback                0x07fc13e9   Thumb Code     6  wkupct_quadec.o(.text)
    battery_get_voltage                      0x07fc1493   Thumb Code     8  battery.o(.text)
    battery_get_lvl                          0x07fc1519   Thumb Code    20  battery.o(.text)
    adc_temp_sensor_disable                  0x07fc154d   Thumb Code    14  adc_531.o(.text)
    adc_temp_sensor_enable                   0x07fc155b   Thumb Code    22  adc_531.o(.text)
    adc_set_diff_input                       0x07fc1571   Thumb Code    14  adc_531.o(.text)
    adc_set_se_input                         0x07fc157f   Thumb Code    16  adc_531.o(.text)
    adc_enable                               0x07fc167d   Thumb Code    12  adc_531.o(.text)
    adc_init                                 0x07fc1689   Thumb Code    54  adc_531.o(.text)
    adc_input_shift_enable                   0x07fc16bf   Thumb Code    20  adc_531.o(.text)
    adc_input_shift_disable                  0x07fc16d3   Thumb Code    12  adc_531.o(.text)
    adc_input_shift_config                   0x07fc16df   Thumb Code    34  adc_531.o(.text)
    adc_disable                              0x07fc1701   Thumb Code    12  adc_531.o(.text)
    adc_start                                0x07fc170d   Thumb Code    12  adc_531.o(.text)
    adc_get_sample                           0x07fc1719   Thumb Code    24  adc_531.o(.text)
    adc_offset_calibrate                     0x07fc1731   Thumb Code   214  adc_531.o(.text)
    ADC_Handler                              0x07fc1807   Thumb Code    18  adc_531.o(.text)
    adc_correct_sample                       0x07fc1819   Thumb Code    36  adc_531.o(.text)
    adc_get_temp                             0x07fc183d   Thumb Code    64  adc_531.o(.text)
    UART2_Handler                            0x07fc1969   Thumb Code    10  uart.o(.text)
    I2C_Handler                              0x07fc1a81   Thumb Code    26  i2c.o(.text)
    hw_otpc_enter_mode                       0x07fc1ae7   Thumb Code    76  hw_otpc_531.o(.text)
    hw_otpc_is_dcdc_reserved                 0x07fc1b33   Thumb Code     6  hw_otpc_531.o(.text)
    hw_otpc_clear_dcdc_reserved              0x07fc1b39   Thumb Code     8  hw_otpc_531.o(.text)
    hw_otpc_set_speed                        0x07fc1b41   Thumb Code    16  hw_otpc_531.o(.text)
    hw_otpc_init                             0x07fc1b51   Thumb Code    96  hw_otpc_531.o(.text)
    hw_otpc_disable                          0x07fc1bb1   Thumb Code   110  hw_otpc_531.o(.text)
    init_rand_seed_from_trng                 0x07fc1c3d   Thumb Code   108  trng.o(.text)
    RTC_Handler                              0x07fc1cb9   Thumb Code    18  rtc.o(.text)
    SWTIM1_Handler                           0x07fc1cd5   Thumb Code    90  timer1.o(.text)
    timer2_config                            0x07fc1d39   Thumb Code    32  timer2.o(.text)
    timer2_pwm_freq_set                      0x07fc1d59   Thumb Code    22  timer2.o(.text)
    timer2_pwm_signal_config                 0x07fc1d6f   Thumb Code   102  timer2.o(.text)
    lld_sleep_compensate_func                0x07fc1dd9   Thumb Code    68  rwble.o(.text)
    power_up                                 0x07fc1e1d   Thumb Code    64  rwble.o(.text)
    BLE_WAKEUP_LP_Handler                    0x07fc1e5d   Thumb Code    62  rwble.o(.text)
    rwble_isr                                0x07fc1e9b   Thumb Code   222  rwble.o(.text)
    patched_ble_regs_push                    0x07fc1f9d   Thumb Code    16  rwip.o(.text)
    patched_ble_regs_pop                     0x07fc1fad   Thumb Code    16  rwip.o(.text)
    rwip_sleep                               0x07fc1fbd   Thumb Code   368  rwip.o(.text)
    rf_reg_rd                                0x07fc2171   Thumb Code     4  ble_arp.o(.text)
    rf_reg_wr                                0x07fc2175   Thumb Code     2  ble_arp.o(.text)
    rf_init_func                             0x07fc2211   Thumb Code   158  ble_arp.o(.text)
    rf_reinit_func                           0x07fc22af   Thumb Code    88  ble_arp.o(.text)
    ble_init_arp_func                        0x07fc2307   Thumb Code    36  ble_arp.o(.text)
    rf_recalibration                         0x07fc232b   Thumb Code    32  ble_arp.o(.text)
    set_recommended_settings                 0x07fc2441   Thumb Code   410  rf_531.o(.text)
    dis_adpll                                0x07fc25db   Thumb Code    46  rf_531.o(.text)
    kdtc_cal_end                             0x07fc2609   Thumb Code    74  rf_531.o(.text)
    dis_kdtc_cal                             0x07fc2653   Thumb Code    12  rf_531.o(.text)
    en_adpll_tx                              0x07fc265f   Thumb Code    58  rf_531.o(.text)
    dis_hclk                                 0x07fc2699   Thumb Code    22  rf_531.o(.text)
    en_kdtc_cal_mod0                         0x07fc26af   Thumb Code    22  rf_531.o(.text)
    kdtc_cal_init                            0x07fc26c5   Thumb Code    98  rf_531.o(.text)
    kdtc_calibration                         0x07fc2727   Thumb Code   402  rf_531.o(.text)
    rf_calibration                           0x07fc28b9   Thumb Code     2  rf_531.o(.text)
    rf_power_up                              0x07fc28bb   Thumb Code     2  rf_531.o(.text)
    rf_adplldig_activate                     0x07fc28bd   Thumb Code    38  rf_531.o(.text)
    rf_adplldig_deactivate                   0x07fc28e3   Thumb Code    12  rf_531.o(.text)
    rf_pa_pwr_set                            0x07fc28ef   Thumb Code     6  rf_531.o(.text)
    rf_pa_pwr_get                            0x07fc28f5   Thumb Code     6  rf_531.o(.text)
    rf_nfm_is_enabled                        0x07fc28fb   Thumb Code     6  rf_531.o(.text)
    prf_init_func                            0x07fc290d   Thumb Code    96  prf.o(.text)
    prf_create_func                          0x07fc296d   Thumb Code    54  prf.o(.text)
    default_advertise_operation              0x07fc2add   Thumb Code     8  app_default_handlers.o(.text)
    default_app_on_init                      0x07fc2ae5   Thumb Code    22  app_default_handlers.o(.text)
    default_app_on_set_dev_config_complete   0x07fc2afb   Thumb Code    16  app_default_handlers.o(.text)
    default_app_on_db_init_complete          0x07fc2b0b   Thumb Code     8  app_default_handlers.o(.text)
    default_app_on_get_dev_name              0x07fc2b13   Thumb Code    18  app_default_handlers.o(.text)
    default_app_on_get_dev_appearance        0x07fc2b25   Thumb Code     8  app_default_handlers.o(.text)
    default_app_on_get_dev_slv_pref_params   0x07fc2b2d   Thumb Code    18  app_default_handlers.o(.text)
    default_app_on_set_dev_info              0x07fc2b3f   Thumb Code    46  app_default_handlers.o(.text)
    default_app_update_params_request        0x07fc2b6d   Thumb Code    12  app_default_handlers.o(.text)
    default_app_generate_static_random_addr  0x07fc2b79   Thumb Code    48  app_default_handlers.o(.text)
    default_app_on_pairing_request           0x07fc2ba9   Thumb Code     8  app_default_handlers.o(.text)
    default_app_on_tk_exch                   0x07fc2bb1   Thumb Code    60  app_default_handlers.o(.text)
    default_app_on_ltk_exch                  0x07fc2bed   Thumb Code    24  app_default_handlers.o(.text)
    app_db_init_next                         0x07fc2c3d   Thumb Code   164  app.o(.text)
    app_prf_enable                           0x07fc2ce1   Thumb Code   136  app.o(.text)
    app_init                                 0x07fc2e5f   Thumb Code    72  app.o(.text)
    app_easy_gap_undirected_advertise_start  0x07fc2ea7   Thumb Code    26  app.o(.text)
    app_easy_gap_dev_configure               0x07fc2ec1   Thumb Code    18  app.o(.text)
    app_gap_process_handler                  0x07fc30f1   Thumb Code    24  app_task.o(.text)
    app_sec_gen_ltk                          0x07fc311d   Thumb Code    54  app_security.o(.text)
    app_sec_process_handler                  0x07fc3279   Thumb Code    24  app_security_task.o(.text)
    app_check_BLE_active                     0x07fc329d   Thumb Code    36  app_msg_utils.o(.text)
    app_easy_msg_set                         0x07fc32c5   Thumb Code    38  app_easy_msg_utils.o(.text)
    app_easy_msg_modify                      0x07fc32eb   Thumb Code    28  app_easy_msg_utils.o(.text)
    app_easy_wakeup_set                      0x07fc3307   Thumb Code    30  app_easy_msg_utils.o(.text)
    app_easy_wakeup                          0x07fc3325   Thumb Code    22  app_easy_msg_utils.o(.text)
    app_msg_utils_api_process_handler        0x07fc333b   Thumb Code    48  app_easy_msg_utils.o(.text)
    app_easy_security_send_pairing_rsp       0x07fc33bf   Thumb Code    22  app_easy_security.o(.text)
    app_easy_security_tk_exch                0x07fc33fd   Thumb Code    58  app_easy_security.o(.text)
    app_easy_security_ltk_exch               0x07fc3463   Thumb Code    24  app_easy_security.o(.text)
    app_easy_security_set_ltk_exch_from_sec_env 0x07fc347b   Thumb Code    52  app_easy_security.o(.text)
    app_timer_api_process_handler            0x07fc34fd   Thumb Code   234  app_easy_timer.o(.text)
    app_easy_timer                           0x07fc35e7   Thumb Code    62  app_easy_timer.o(.text)
    app_dis_init                             0x07fc363d   Thumb Code     2  app_diss.o(.text)
    app_diss_create_db                       0x07fc363f   Thumb Code    54  app_diss.o(.text)
    app_diss_process_handler                 0x07fc36e7   Thumb Code    24  app_diss_task.o(.text)
    app_bass_create_db                       0x07fc3755   Thumb Code    68  app_bass.o(.text)
    app_batt_init                            0x07fc3799   Thumb Code    14  app_bass.o(.text)
    app_batt_poll_start                      0x07fc37a7   Thumb Code    18  app_bass.o(.text)
    app_bass_enable                          0x07fc37b9   Thumb Code    56  app_bass.o(.text)
    app_batt_alert_start                     0x07fc37f1   Thumb Code    24  app_bass.o(.text)
    app_batt_set_level                       0x07fc3809   Thumb Code    34  app_bass.o(.text)
    app_batt_lvl                             0x07fc382b   Thumb Code    42  app_bass.o(.text)
    app_batt_poll_stop                       0x07fc3855   Thumb Code    12  app_bass.o(.text)
    app_batt_port_reinit                     0x07fc3861   Thumb Code     2  app_bass.o(.text)
    app_bass_process_handler                 0x07fc38cb   Thumb Code    24  app_bass_task.o(.text)
    app_fill_random_byte_array               0x07fc38f9   Thumb Code    12  app_utils.o(.text)
    custs_get_func_callbacks                 0x07fc3905   Thumb Code    34  app_customs.o(.text)
    app_custs1_create_db                     0x07fc3927   Thumb Code    54  app_customs.o(.text)
    app_custs1_process_handler               0x07fc3965   Thumb Code    24  app_customs_task.o(.text)
    set_pad_functions                        0x07fc397d   Thumb Code   154  user_periph_setup.o(.text)
    periph_init                              0x07fc3a17   Thumb Code    44  user_periph_setup.o(.text)
    app_usb_input_cb_t                       0x07fc3a53   Thumb Code     8  user_proxr.o(.text)
    app_button_enable                        0x07fc3a5b   Thumb Code    30  user_proxr.o(.text)
    devices_off                              0x07fc3a79   Thumb Code    66  user_proxr.o(.text)
    devices_on                               0x07fc3bb9   Thumb Code    34  user_proxr.o(.text)
    app_open_butt_enable                     0x07fc3c3f   Thumb Code    46  user_proxr.o(.text)
    app_goto_sleep_t                         0x07fc3c6d   Thumb Code    22  user_proxr.o(.text)
    app_loop_timer_callback                  0x07fc3c83   Thumb Code   196  user_proxr.o(.text)
    app_usbin_enable                         0x07fc3d47   Thumb Code    44  user_proxr.o(.text)
    app_usb_input_cb                         0x07fc3d73   Thumb Code    58  user_proxr.o(.text)
    app_app_on_connection                    0x07fc3dad   Thumb Code    34  user_proxr.o(.text)
    user_app_on_disconnect                   0x07fc3dcf   Thumb Code    34  user_proxr.o(.text)
    app_advertise_operation                  0x07fc3df1   Thumb Code    28  user_proxr.o(.text)
    app_advertise_complete                   0x07fc3e0d   Thumb Code    34  user_proxr.o(.text)
    user_svc1_ctrl_wr_ind_handler            0x07fc3e2f   Thumb Code    20  user_proxr.o(.text)
    user_svc1_F002_wr_ind_handler            0x07fc3e43   Thumb Code   150  user_proxr.o(.text)
    user_catch_rest_hndl                     0x07fc3ed9   Thumb Code    36  user_proxr.o(.text)
    app_led_init                             0x07fc409d   Thumb Code    38  user_led.o(.text)
    app_bl_led_mode                          0x07fc40c3   Thumb Code    50  user_led.o(.text)
    app_led_start                            0x07fc40f5   Thumb Code    16  user_led.o(.text)
    app_blue_off                             0x07fc4105   Thumb Code    12  user_led.o(.text)
    app_led_stop                             0x07fc4111   Thumb Code    50  user_led.o(.text)
    app_led_timer2_pwm_init                  0x07fc4159   Thumb Code    18  app_pwm.o(.text)
    app_led_timer2_pwm_start                 0x07fc416b   Thumb Code    62  app_pwm.o(.text)
    app_led_timer2_pwm_set                   0x07fc41a9   Thumb Code    46  app_pwm.o(.text)
    app_led_pwm_mode_change                  0x07fc41d7   Thumb Code    76  app_pwm.o(.text)
    app_led_timer2_pwm_stop                  0x07fc4223   Thumb Code    36  app_pwm.o(.text)
    JT_lld_test_mode_rx_func                 0x07fc425d   Thumb Code   142  patch.o(.text)
    JT_l2cc_pdu_unpack_func                  0x07fc42eb   Thumb Code   786  patch.o(.text)
    JT_l2cc_pdu_recv_ind_handler_func        0x07fc45fd   Thumb Code    72  patch.o(.text)
    PATCHED_llm_con_req_ind                  0x07fc4645   Thumb Code   816  patch.o(.text)
    PATCHED_smpc_recv_public_key_exchange_pdu 0x07fc4a85   Thumb Code   106  patch.o(.text)
    PATCHED_llc_data_ind_handler             0x07fc4aef   Thumb Code   176  patch.o(.text)
    PATCHED_llcp_length_req_handler          0x07fc4b9f   Thumb Code   118  patch.o(.text)
    PATCHED_llcp_length_rsp_handler          0x07fc4c15   Thumb Code   134  patch.o(.text)
    JT_llc_le_length_effective_func          0x07fc4c9b   Thumb Code   188  patch.o(.text)
    lld_drop_packet_fix                      0x07fc4d57   Thumb Code    64  patch.o(.text)
    PATCHED_lld_data_ind_handler             0x07fc4d97   Thumb Code    58  patch.o(.text)
    patch_func                               0x07fc4dd1   Thumb Code    44  patch.o(.text)
    patch_global_vars_init                   0x07fc4dfd   Thumb Code     2  patch.o(.text)
    __scatterload                            0x07fc4e2d   Thumb Code    28  init.o(.text)
    __scatterload_rt2                        0x07fc4e2d   Thumb Code     0  init.o(.text)
    __ARM_common_ll_muluu                    0x07fc4e51   Thumb Code    48  arch_system.o(i.__ARM_common_ll_muluu)
    __scatterload_copy                       0x07fc4e81   Thumb Code    14  handlers.o(i.__scatterload_copy)
    __scatterload_null                       0x07fc4e8f   Thumb Code     2  handlers.o(i.__scatterload_null)
    __scatterload_zeroinit                   0x07fc4e91   Thumb Code    14  handlers.o(i.__scatterload_zeroinit)
    rom_nvds_cfg                             0x07fc4eac   Data           8  nvds.o(.constdata)
    rom_func_addr_table_var                  0x07fc4eb4   Data         380  jump_table.o(.constdata)
    rom_cfg_table_var                        0x07fc5030   Data         236  jump_table.o(.constdata)
    my_custom_msg_handlers                   0x07fc512c   Data          40  arch_rom.o(.constdata)
    rom_chacha20_cfg                         0x07fc5194   Data          16  chacha20.o(.constdata)
    arp_init_table                           0x07fc51e0   Data         112  ble_arp.o(.constdata)
    prf_if                                   0x07fc5250   Data          32  prf.o(.constdata)
    rom_prf_cfg                              0x07fc5270   Data          12  prf.o(.constdata)
    rom_cust_prf_cfg                         0x07fc527c   Data          16  custs1.o(.constdata)
    custs1_default_state                     0x07fc528c   Data          72  custs1_task.o(.constdata)
    custs1_default_handler                   0x07fc52d4   Data           8  custs1_task.o(.constdata)
    prf_funcs                                0x07fc52f8   Data          36  app.o(.constdata)
    app_process_handlers                     0x07fc546c   Data          32  app_entry_point.o(.constdata)
    rom_app_task_cfg                         0x07fc548c   Data          32  app_entry_point.o(.constdata)
    cust_prf_funcs                           0x07fc54e4   Data          56  user_custs_config.o(.constdata)
    custs1_services                          0x07fc5538   Data           2  user_custs1_def.o(.constdata)
    custs1_services_size                     0x07fc553a   Data           1  user_custs1_def.o(.constdata)
    custs1_att_db                            0x07fc553c   Data         200  user_custs1_def.o(.constdata)
    Region$$Table$$Base                      0x07fc5628   Number         0  anon$$obj.o(Region$$Table)
    Region$$Table$$Limit                     0x07fc5648   Number         0  anon$$obj.o(Region$$Table)
    pa_en_dcf_tx_setting                     0x07fc5648   Data           1  rf_531.o(.data)
    app_sleep_mode                           0x07fc564c   Data           1  user_proxr.o(.data)
    devices_onoff                            0x07fc564d   Data           1  user_proxr.o(.data)
    onoff_time                               0x07fc5650   Data           4  user_proxr.o(.data)
    ble_val                                  0x07fc5654   Data           9  user_proxr.o(.data)
    otp_hdr_timestamp                        0x07fc5660   Data           4  arch_system.o(.bss)
    twirq_set_value                          0x07fc5664   Data           4  arch_system.o(.bss)
    twirq_reset_value                        0x07fc5668   Data           4  arch_system.o(.bss)
    syscntl_dcdc_state                       0x07fc5670   Data           2  syscntl.o(.bss)
    twext_value                              0x07fc56b8   Data           4  rwip.o(.bss)
    calibration_res                          0x07fc56c0   Data          42  rf_531.o(.bss)
    loop_timer                               0x07fc56ec   Data           1  user_proxr.o(.bss)
    usb_in_flag                              0x07fc56ee   Data           1  user_proxr.o(.bss)
    onoff_time_flag                          0x07fc56f0   Data           4  user_proxr.o(.bss)
    app_led_mode_flag                        0x07fc56f4   Data           1  user_led.o(.bss)
    app_batt_lvl_flag                        0x07fc56f5   Data           1  user_led.o(.bss)
    led1_start                               0x07fc56f9   Data           6  user_led.o(.bss)
    led2_start                               0x07fc56ff   Data           6  user_led.o(.bss)
    led3_start                               0x07fc5705   Data           6  user_led.o(.bss)
    timer_s_flag                             0x07fc570c   Data           1  app_pwm.o(.bss)
    lr_pwm                                   0x07fc5710   Data          10  app_pwm.o(.bss)
    __initial_sp                             0x07fc5d28   Data           0  startup_da14531.o(STACK)
    heap_mem_area_not_ret$$Base              0x07fc5d28   Number         0  jump_table.o(heap_mem_area_not_ret)
    rwip_heap_non_ret                        0x07fc5d28   Data        1036  jump_table.o(heap_mem_area_not_ret)
    Image$$RET_DATA_UNINIT$$Base             0x07fc8bc0   Number         0  anon$$obj.o ABSOLUTE
    sys_startup_flag                         0x07fc8bd0   Data           1  arch_system.o(retention_mem_area0)
    last_temp                                0x07fc8bd1   Data           1  arch_system.o(retention_mem_area0)
    rcx_cal_in_progress                      0x07fc8bd2   Data           1  arch_system.o(retention_mem_area0)
    clk_freq_trim_reg_value                  0x07fc8bd4   Data           2  arch_system.o(retention_mem_area0)
    arch_wkupct_deb_time                     0x07fc8bd6   Data           2  arch_system.o(retention_mem_area0)
    xtal_wait_trim                           0x07fc8bd8   Data           2  arch_system.o(retention_mem_area0)
    last_temp_time                           0x07fc8be0   Data           4  arch_system.o(retention_mem_area0)
    lp_clk_sel                               0x07fc8be4   Data           4  arch_system.o(retention_mem_area0)
    rcx_freq                                 0x07fc8be8   Data           4  arch_system.o(retention_mem_area0)
    rcx_period                               0x07fc8bec   Data           4  arch_system.o(retention_mem_area0)
    dev_bdaddr                               0x07fc8bf0   Data           6  arch_system.o(retention_mem_area0)
    rcx_slot_duration                        0x07fc8bf8   Data           8  arch_system.o(retention_mem_area0)
    heap_log                                 0x07fc8c00   Data           2  arch_rom.o(retention_mem_area0)
    GPIOHandlerFunction                      0x07fc8c60   Data          20  gpio.o(retention_mem_area0)
    arch_rwble_last_event                    0x07fc8cdc   Data           1  rwble.o(retention_mem_area0)
    ble_finetim_corr                         0x07fc8ce0   Data           4  rwble.o(retention_mem_area0)
    slp_period_retained                      0x07fc8ce4   Data           4  rwip.o(retention_mem_area0)
    retained_BLE_EM_BASE_REG                 0x07fc8ce8   Data           4  rwip.o(retention_mem_area0)
    prf_env                                  0x07fc8cf4   Data          72  prf.o(retention_mem_area0)
    app_env                                  0x07fc8d54   Data          12  app.o(retention_mem_area0)
    device_info                              0x07fc8d60   Data          36  app.o(retention_mem_area0)
    app_prf_srv_perm                         0x07fc8d84   Data          20  app.o(retention_mem_area0)
    app_state                                0x07fc8d98   Data           1  app_task.o(retention_mem_area0)
    app_sec_env                              0x07fc8d9a   Data         122  app_security.o(retention_mem_area0)
    cur_batt_level                           0x07fc8e94   Data           1  app_bass.o(retention_mem_area0)
    batt_alert_en                            0x07fc8e95   Data           1  app_bass.o(retention_mem_area0)
    bat_led_state                            0x07fc8e96   Data           1  app_bass.o(retention_mem_area0)
    bat_lvl_alert_used                       0x07fc8e97   Data           1  app_bass.o(retention_mem_area0)
    bat_poll_timeout                         0x07fc8e98   Data           2  app_bass.o(retention_mem_area0)
    app_led_pwm_timer                        0x07fc8e9a   Data           1  user_proxr.o(retention_mem_area0)
    app_led_timer                            0x07fc8e9b   Data           1  user_led.o(retention_mem_area0)
    lld_force_timeout_refresh                0x07fc8e9c   Data           3  patch.o(retention_mem_area0)
    heap_db_area$$Base                       0x07fc8ea0   Number         0  jump_table.o(heap_db_area)
    rwip_heap_db_ret                         0x07fc8ea0   Data        1036  jump_table.o(heap_db_area)
    rwip_heap_env_ret                        0x07fc92ac   Data         696  jump_table.o(heap_env_area)
    rwip_heap_msg_ret                        0x07fc9564   Data        1404  jump_table.o(heap_msg_area)
    dummy                                    0x07fc9c00   Data           0  da14531_symbols.txt ABSOLUTE
    trng_state_val                           0x07fcb89c   Data           4  trng.o(trng_state)
    ble_wakeup_executed                      0x07fcb900   Data           0  da14531_symbols.txt ABSOLUTE
    rf_in_sleep                              0x07fcb901   Data           0  da14531_symbols.txt ABSOLUTE
    custom_preinit                           0x07fcb904   Data           0  da14531_symbols.txt ABSOLUTE
    custom_postinit                          0x07fcb908   Data           0  da14531_symbols.txt ABSOLUTE
    custom_appinit                           0x07fcb90c   Data           0  da14531_symbols.txt ABSOLUTE
    custom_preloop                           0x07fcb910   Data           0  da14531_symbols.txt ABSOLUTE
    custom_preschedule                       0x07fcb914   Data           0  da14531_symbols.txt ABSOLUTE
    custom_postschedule                      0x07fcb918   Data           0  da14531_symbols.txt ABSOLUTE
    custom_postschedule_async                0x07fcb91c   Data           0  da14531_symbols.txt ABSOLUTE
    custom_presleepcheck                     0x07fcb920   Data           0  da14531_symbols.txt ABSOLUTE
    custom_appsleepset                       0x07fcb924   Data           0  da14531_symbols.txt ABSOLUTE
    custom_postsleepcheck                    0x07fcb928   Data           0  da14531_symbols.txt ABSOLUTE
    custom_presleepenter                     0x07fcb92c   Data           0  da14531_symbols.txt ABSOLUTE
    custom_postsleepexit                     0x07fcb930   Data           0  da14531_symbols.txt ABSOLUTE
    custom_prewakeup                         0x07fcb934   Data           0  da14531_symbols.txt ABSOLUTE
    custom_postwakeup                        0x07fcb938   Data           0  da14531_symbols.txt ABSOLUTE
    custom_preidlecheck                      0x07fcb93c   Data           0  da14531_symbols.txt ABSOLUTE
    custom_pti_set                           0x07fcb940   Data           0  da14531_symbols.txt ABSOLUTE
    REG_BLE_EM_TX_BUFFER_SIZE                0x07fcb944   Data           0  da14531_symbols.txt ABSOLUTE
    REG_BLE_EM_RX_BUFFER_SIZE                0x07fcb948   Data           0  da14531_symbols.txt ABSOLUTE
    _ble_base                                0x07fcb94c   Data           0  da14531_symbols.txt ABSOLUTE
    gap_cfg_user                             0x07fcb950   Data           0  da14531_symbols.txt ABSOLUTE
    rom_func_addr_table                      0x07fcb954   Data           0  da14531_symbols.txt ABSOLUTE
    rom_cfg_table                            0x07fcb958   Data           0  da14531_symbols.txt ABSOLUTE
    BLE_TX_DESC_DATA_USER                    0x07fcb95c   Data           0  da14531_symbols.txt ABSOLUTE
    BLE_TX_DESC_CNTL_USER                    0x07fcb960   Data           0  da14531_symbols.txt ABSOLUTE
    LLM_LE_ADV_DUMMY_IDX                     0x07fcb964   Data           0  da14531_symbols.txt ABSOLUTE
    LLM_LE_SCAN_CON_REQ_ADV_DIR_IDX          0x07fcb968   Data           0  da14531_symbols.txt ABSOLUTE
    LLM_LE_SCAN_RSP_IDX                      0x07fcb96c   Data           0  da14531_symbols.txt ABSOLUTE
    LLM_LE_ADV_IDX                           0x07fcb970   Data           0  da14531_symbols.txt ABSOLUTE
    length_exchange_needed                   0x07fcb974   Data           0  da14531_symbols.txt ABSOLUTE
    enh_con_cmp_cnt                          0x07fcb978   Data           0  da14531_symbols.txt ABSOLUTE
    rx_pkt_cnt                               0x07fcb980   Data           0  da14531_symbols.txt ABSOLUTE
    rx_pkt_cnt_bad                           0x07fcb984   Data           0  da14531_symbols.txt ABSOLUTE
    rx_pkt_cnt_bad_adv                       0x07fcb988   Data           0  da14531_symbols.txt ABSOLUTE
    rx_pkt_cnt_bad_scn                       0x07fcb98c   Data           0  da14531_symbols.txt ABSOLUTE
    rx_pkt_cnt_bad_oth                       0x07fcb990   Data           0  da14531_symbols.txt ABSOLUTE
    rx_pkt_cnt_bad_wo_sync_err               0x07fcb994   Data           0  da14531_symbols.txt ABSOLUTE
    rx_pkt_cnt_bad_con                       0x07fcb998   Data           0  da14531_symbols.txt ABSOLUTE
    connect_req_cnt                          0x07fcb99c   Data           0  da14531_symbols.txt ABSOLUTE
    last_status                              0x07fcb9a0   Data           0  da14531_symbols.txt ABSOLUTE
    llc_state                                0x07fcb9a4   Data           0  da14531_symbols.txt ABSOLUTE
    lld_sleep_env                            0x07fcb9a8   Data           0  da14531_symbols.txt ABSOLUTE
    lld_wlcoex_enable                        0x07fcb9ac   Data           0  da14531_symbols.txt ABSOLUTE
    ble_duplicate_filter_max                 0x07fcb9b0   Data           0  da14531_symbols.txt ABSOLUTE
    ble_duplicate_filter_found               0x07fcb9b1   Data           0  da14531_symbols.txt ABSOLUTE
    alter_conn_adv_all_cnt                   0x07fcb9b4   Data           0  da14531_symbols.txt ABSOLUTE
    alter_conn_adv_dir_cnt                   0x07fcb9b8   Data           0  da14531_symbols.txt ABSOLUTE
    alter_conn_adv_cnt                       0x07fcb9bc   Data           0  da14531_symbols.txt ABSOLUTE
    create_conn_cnt                          0x07fcb9c0   Data           0  da14531_symbols.txt ABSOLUTE
    alter_conn_cnt                           0x07fcb9c4   Data           0  da14531_symbols.txt ABSOLUTE
    alter_conn_restart_cnt                   0x07fcb9c8   Data           0  da14531_symbols.txt ABSOLUTE
    alter_conn_peer_addr                     0x07fcb9cc   Data           0  da14531_symbols.txt ABSOLUTE
    alter_conn_local_addr                    0x07fcb9d2   Data           0  da14531_symbols.txt ABSOLUTE
    set_adv_data_discard_old                 0x07fcb9d8   Data           0  da14531_symbols.txt ABSOLUTE
    llm_resolving_list_max                   0x07fcb9d9   Data           0  da14531_symbols.txt ABSOLUTE
    llm_local_le_feats                       0x07fcb9da   Data           0  da14531_symbols.txt ABSOLUTE
    llm_bt_env                               0x07fcb9e2   Data           0  da14531_symbols.txt ABSOLUTE
    init_tx_cnt_cntl_cnt1                    0x07fcb9ec   Data           0  da14531_symbols.txt ABSOLUTE
    init_tx_cnt_cntl_cnt                     0x07fcb9f0   Data           0  da14531_symbols.txt ABSOLUTE
    tx_cnt_cntl_cnt                          0x07fcb9f4   Data           0  da14531_symbols.txt ABSOLUTE
    llm_state                                0x07fcb9f8   Data           0  da14531_symbols.txt ABSOLUTE
    delay_us_cnt                             0x07fcb9fa   Data           0  da14531_symbols.txt ABSOLUTE
    gtl_state                                0x07fcb9fc   Data           0  da14531_symbols.txt ABSOLUTE
    use_h4tl                                 0x07fcb9fd   Data           0  da14531_symbols.txt ABSOLUTE
    hci_cmd_desc_root_tab                    0x07fcba00   Data           0  da14531_symbols.txt ABSOLUTE
    gattc_state                              0x07fcba30   Data           0  da14531_symbols.txt ABSOLUTE
    gattm_state                              0x07fcba33   Data           0  da14531_symbols.txt ABSOLUTE
    l2cc_state                               0x07fcba34   Data           0  da14531_symbols.txt ABSOLUTE
    l2cm_env                                 0x07fcba38   Data           0  da14531_symbols.txt ABSOLUTE
    gapc_state                               0x07fcba3e   Data           0  da14531_symbols.txt ABSOLUTE
    gapm_state                               0x07fcba41   Data           0  da14531_symbols.txt ABSOLUTE
    whitelist_fix                            0x07fcba42   Data           0  da14531_symbols.txt ABSOLUTE
    ecdh_key_creation_in_progress            0x07fcba44   Data           0  da14531_symbols.txt ABSOLUTE
    ke_free_bad                              0x07fcba48   Data           0  da14531_symbols.txt ABSOLUTE
    DISABLE_KE_TASK_ALTERNATIVE_SAVED_QUEUE  0x07fcba4c   Data           0  da14531_symbols.txt ABSOLUTE
    rwip_env                                 0x07fcba54   Data           0  da14531_symbols.txt ABSOLUTE
    _rand_state_ROM_DATA                     0x07fcba5c   Data           0  da14531_symbols.txt ABSOLUTE
    custom_msg_handlers                      0x07fcba60   Data           0  da14531_symbols.txt ABSOLUTE
    ble_reg_save                             0x07fcba64   Data           0  da14531_symbols.txt ABSOLUTE
    sleep_env                                0x07fcbab4   Data           0  da14531_symbols.txt ABSOLUTE
    uart_env                                 0x07fcbab8   Data           0  da14531_symbols.txt ABSOLUTE
    ke_mem_heaps_used                        0x07fcbadc   Data           0  da14531_symbols.txt ABSOLUTE
    co_buf_env                               0x07fcbae0   Data           0  da14531_symbols.txt ABSOLUTE
    llc_env                                  0x07fcbb78   Data           0  da14531_symbols.txt ABSOLUTE
    lld_evt_env                              0x07fcbb84   Data           0  da14531_symbols.txt ABSOLUTE
    llm_le_env                               0x07fcbbb0   Data           0  da14531_symbols.txt ABSOLUTE
    llm_local_cmds                           0x07fcbcb0   Data           0  da14531_symbols.txt ABSOLUTE
    gtl_env                                  0x07fcbd30   Data           0  da14531_symbols.txt ABSOLUTE
    hci_env                                  0x07fcbd78   Data           0  da14531_symbols.txt ABSOLUTE
    h4tl_env                                 0x07fcbd88   Data           0  da14531_symbols.txt ABSOLUTE
    gattc_env                                0x07fcbda0   Data           0  da14531_symbols.txt ABSOLUTE
    gattm_env                                0x07fcbdac   Data           0  da14531_symbols.txt ABSOLUTE
    l2cc_env                                 0x07fcbdd0   Data           0  da14531_symbols.txt ABSOLUTE
    ecdh_key                                 0x07fcbddc   Data           0  da14531_symbols.txt ABSOLUTE
    gapc_env                                 0x07fcbe3c   Data           0  da14531_symbols.txt ABSOLUTE
    gapm_env                                 0x07fcbe48   Data           0  da14531_symbols.txt ABSOLUTE
    ke_env                                   0x07fcbe74   Data           0  da14531_symbols.txt ABSOLUTE
    rwip_rf                                  0x07fcbf58   Data           0  da14531_symbols.txt ABSOLUTE



==============================================================================

Memory Map of the image

  Image Entry point : 0x07fc0111

  Load Region LR_IROM1 (Base: 0x07fc0000, Size: 0x000000a8, Max: 0x000000c0, ABSOLUTE)

    Execution Region ER_IROM1 (Exec base: 0x07fc0000, Load base: 0x07fc0000, Size: 0x000000a8, Max: 0x000000c0, ABSOLUTE)

    Exec Addr    Load Addr    Size         Type   Attr      Idx    E Section Name        Object

    0x07fc0000   0x07fc0000   0x000000a0   Data   RO          316    RESET               startup_da14531.o
    0x07fc00a0   0x07fc00a0   0x00000008   Data   RW          909    otp_cs_booter       otp_cs.o



  Load Region LR_IROM2 (Base: 0x07fc00c0, Size: 0x00000000, Max: 0x00000050, ABSOLUTE)

    Execution Region ER_IROM2 (Exec base: 0x07fc00c0, Load base: 0x07fc00c0, Size: 0x00000050, Max: 0x00000050, ABSOLUTE)

    Exec Addr    Load Addr    Size         Type   Attr      Idx    E Section Name        Object

    0x07fc00c0        -       0x00000050   Zero   RW            1    ER_IROM2.bss        anon$$obj.o



  Load Region LR_IROM3 (Base: 0x07fc0110, Size: 0x00005550, Max: 0x00008ab0, ABSOLUTE)

    Execution Region ER_IROM3 (Exec base: 0x07fc0110, Load base: 0x07fc0110, Size: 0x00005550, Max: 0x00008ab0, ABSOLUTE)

    Exec Addr    Load Addr    Size         Type   Attr      Idx    E Section Name        Object

    0x07fc0110   0x07fc0110   0x00000000   Code   RO         3598  * .ARM.Collect$$$$00000000  mc_p.l(entry.o)
    0x07fc0110   0x07fc0110   0x00000004   Code   RO         3599    .ARM.Collect$$$$00000001  mc_p.l(entry2.o)
    0x07fc0114   0x07fc0114   0x00000004   Code   RO         3602    .ARM.Collect$$$$00000004  mc_p.l(entry5.o)
    0x07fc0118   0x07fc0118   0x00000000   Code   RO         3604    .ARM.Collect$$$$00000008  mc_p.l(entry7b.o)
    0x07fc0118   0x07fc0118   0x00000000   Code   RO         3606    .ARM.Collect$$$$0000000A  mc_p.l(entry8b.o)
    0x07fc0118   0x07fc0118   0x00000008   Code   RO         3607    .ARM.Collect$$$$0000000B  mc_p.l(entry9a.o)
    0x07fc0120   0x07fc0120   0x00000000   Code   RO         3609    .ARM.Collect$$$$0000000D  mc_p.l(entry10a.o)
    0x07fc0120   0x07fc0120   0x00000000   Code   RO         3611    .ARM.Collect$$$$0000000F  mc_p.l(entry11a.o)
    0x07fc0120   0x07fc0120   0x00000004   Code   RO         3600    .ARM.Collect$$$$00002712  mc_p.l(entry2.o)
    0x07fc0124   0x07fc0124   0x00000094   Code   RO            3    .text               system_da14531.o
    0x07fc01b8   0x07fc01b8   0x00000050   Code   RO          317    .text               startup_da14531.o
    0x07fc0208   0x07fc0208   0x00000002   Code   RO          322    .text               hardfault_handler.o
    0x07fc020a   0x07fc020a   0x00000002   PAD
    0x07fc020c   0x07fc020c   0x00000030   Code   RO          347    .text               nmi_handler.o
    0x07fc023c   0x07fc023c   0x000002ec   Code   RO          388    .text               arch_main.o
    0x07fc0528   0x07fc0528   0x00000054   Code   RO          568    .text               jump_table.o
    0x07fc057c   0x07fc057c   0x000000d0   Code   RO          645    .text               arch_sleep.o
    0x07fc064c   0x07fc064c   0x000004a4   Code   RO          687    .text               arch_system.o
    0x07fc0af0   0x07fc0af0   0x00000154   Code   RO          854    .text               arch_rom.o
    0x07fc0c44   0x07fc0c44   0x00000318   Code   RO          906    .text               otp_cs.o
    0x07fc0f5c   0x07fc0f5c   0x00000010   Code   RO          934    .text               otp_hdr.o
    0x07fc0f6c   0x07fc0f6c   0x00000118   Code   RO          949    .text               syscntl.o
    0x07fc1084   0x07fc1084   0x0000020c   Code   RO          992    .text               gpio.o
    0x07fc1290   0x07fc1290   0x00000188   Code   RO         1069    .text               wkupct_quadec.o
    0x07fc1418   0x07fc1418   0x00000134   Code   RO         1142    .text               battery.o
    0x07fc154c   0x07fc154c   0x000003d4   Code   RO         1163    .text               adc_531.o
    0x07fc1920   0x07fc1920   0x00000160   Code   RO         1213    .text               uart.o
    0x07fc1a80   0x07fc1a80   0x00000038   Code   RO         1755    .text               i2c.o
    0x07fc1ab8   0x07fc1ab8   0x00000184   Code   RO         1957    .text               hw_otpc_531.o
    0x07fc1c3c   0x07fc1c3c   0x0000007c   Code   RO         2014    .text               trng.o
    0x07fc1cb8   0x07fc1cb8   0x0000001c   Code   RO         2048    .text               rtc.o
    0x07fc1cd4   0x07fc1cd4   0x00000064   Code   RO         2126    .text               timer1.o
    0x07fc1d38   0x07fc1d38   0x000000a0   Code   RO         2191    .text               timer2.o
    0x07fc1dd8   0x07fc1dd8   0x000001c4   Code   RO         2216    .text               rwble.o
    0x07fc1f9c   0x07fc1f9c   0x000001d4   Code   RO         2265    .text               rwip.o
    0x07fc2170   0x07fc2170   0x000002d0   Code   RO         2291    .text               ble_arp.o
    0x07fc2440   0x07fc2440   0x000004cc   Code   RO         2323    .text               rf_531.o
    0x07fc290c   0x07fc290c   0x000000a0   Code   RO         2420    .text               prf.o
    0x07fc29ac   0x07fc29ac   0x00000130   Code   RO         2528    .text               custs1_task.o
    0x07fc2adc   0x07fc2adc   0x00000140   Code   RO         2552    .text               app_default_handlers.o
    0x07fc2c1c   0x07fc2c1c   0x00000300   Code   RO         2644    .text               app.o
    0x07fc2f1c   0x07fc2f1c   0x00000200   Code   RO         2805    .text               app_task.o
    0x07fc311c   0x07fc311c   0x0000003c   Code   RO         2839    .text               app_security.o
    0x07fc3158   0x07fc3158   0x00000144   Code   RO         2880    .text               app_security_task.o
    0x07fc329c   0x07fc329c   0x00000028   Code   RO         2921    .text               app_msg_utils.o
    0x07fc32c4   0x07fc32c4   0x000000c8   Code   RO         2940    .text               app_easy_msg_utils.o
    0x07fc338c   0x07fc338c   0x00000134   Code   RO         2965    .text               app_easy_security.o
    0x07fc34c0   0x07fc34c0   0x00000002   Code   RO         3146    .text               app_easy_timer.o
    0x07fc34c2   0x07fc34c2   0x00000002   Code   RO         3147    .text               app_easy_timer.o
    0x07fc34c4   0x07fc34c4   0x00000178   Code   RO         3148    .text               app_easy_timer.o
    0x07fc363c   0x07fc363c   0x0000003c   Code   RO         3188    .text               app_diss.o
    0x07fc3678   0x07fc3678   0x000000dc   Code   RO         3200    .text               app_diss_task.o
    0x07fc3754   0x07fc3754   0x00000124   Code   RO         3217    .text               app_bass.o
    0x07fc3878   0x07fc3878   0x00000080   Code   RO         3253    .text               app_bass_task.o
    0x07fc38f8   0x07fc38f8   0x0000000c   Code   RO         3357    .text               app_utils.o
    0x07fc3904   0x07fc3904   0x00000060   Code   RO         3389    .text               app_customs.o
    0x07fc3964   0x07fc3964   0x00000018   Code   RO         3423    .text               app_customs_task.o
    0x07fc397c   0x07fc397c   0x000000cc   Code   RO         3467    .text               user_periph_setup.o
    0x07fc3a48   0x07fc3a48   0x000004e4   Code   RO         3485    .text               user_proxr.o
    0x07fc3f2c   0x07fc3f2c   0x0000022c   Code   RO         3536    .text               user_led.o
    0x07fc4158   0x07fc4158   0x00000104   Code   RO         3557    .text               app_pwm.o
    0x07fc425c   0x07fc425c   0x00000bd0   Code   RO         3594    .text               da14531.lib(patch.o)
    0x07fc4e2c   0x07fc4e2c   0x00000024   Code   RO         3613    .text               mc_p.l(init.o)
    0x07fc4e50   0x07fc4e50   0x00000030   Code   RO          728    i.__ARM_common_ll_muluu  arch_system.o
    0x07fc4e80   0x07fc4e80   0x0000000e   Code   RO         3617    i.__scatterload_copy  mc_p.l(handlers.o)
    0x07fc4e8e   0x07fc4e8e   0x00000002   Code   RO         3618    i.__scatterload_null  mc_p.l(handlers.o)
    0x07fc4e90   0x07fc4e90   0x0000000e   Code   RO         3619    i.__scatterload_zeroinit  mc_p.l(handlers.o)
    0x07fc4e9e   0x07fc4e9e   0x0000000e   Data   RO          365    .constdata          nvds.o
    0x07fc4eac   0x07fc4eac   0x00000008   Data   RO          366    .constdata          nvds.o
    0x07fc4eb4   0x07fc4eb4   0x0000017c   Data   RO          569    .constdata          jump_table.o
    0x07fc5030   0x07fc5030   0x000000ec   Data   RO          570    .constdata          jump_table.o
    0x07fc511c   0x07fc511c   0x00000008   Data   RO          693    .constdata          arch_system.o
    0x07fc5124   0x07fc5124   0x00000070   Data   RO          855    .constdata          arch_rom.o
    0x07fc5194   0x07fc5194   0x00000010   Data   RO          878    .constdata          chacha20.o
    0x07fc51a4   0x07fc51a4   0x00000020   Data   RO         1143    .constdata          battery.o
    0x07fc51c4   0x07fc51c4   0x0000001c   Data   RO         1964    .constdata          hw_otpc_531.o
    0x07fc51e0   0x07fc51e0   0x00000070   Data   RO         2293    .constdata          ble_arp.o
    0x07fc5250   0x07fc5250   0x00000020   Data   RO         2421    .constdata          prf.o
    0x07fc5270   0x07fc5270   0x0000000c   Data   RO         2422    .constdata          prf.o
    0x07fc527c   0x07fc527c   0x00000010   Data   RO         2512    .constdata          custs1.o
    0x07fc528c   0x07fc528c   0x00000048   Data   RO         2529    .constdata          custs1_task.o
    0x07fc52d4   0x07fc52d4   0x00000008   Data   RO         2530    .constdata          custs1_task.o
    0x07fc52dc   0x07fc52dc   0x0000005c   Data   RO         2664    .constdata          app.o
    0x07fc5338   0x07fc5338   0x00000070   Data   RO         2807    .constdata          app_task.o
    0x07fc53a8   0x07fc53a8   0x00000038   Data   RO         2882    .constdata          app_security_task.o
    0x07fc53e0   0x07fc53e0   0x0000008c   Data   RO         2898    .constdata          app_entry_point.o
    0x07fc546c   0x07fc546c   0x00000020   Data   RO         2899    .constdata          app_entry_point.o
    0x07fc548c   0x07fc548c   0x00000020   Data   RO         2900    .constdata          app_entry_point.o
    0x07fc54ac   0x07fc54ac   0x00000007   Data   RO         2993    .constdata          app_easy_security.o
    0x07fc54b3   0x07fc54b3   0x00000001   PAD
    0x07fc54b4   0x07fc54b4   0x00000008   Data   RO         3201    .constdata          app_diss_task.o
    0x07fc54bc   0x07fc54bc   0x00000028   Data   RO         3255    .constdata          app_bass_task.o
    0x07fc54e4   0x07fc54e4   0x00000038   Data   RO         3435    .constdata          user_custs_config.o
    0x07fc551c   0x07fc551c   0x00000010   Data   RO         3448    .constdata          user_custs1_def.o
    0x07fc552c   0x07fc552c   0x00000002   Data   RO         3449    .constdata          user_custs1_def.o
    0x07fc552e   0x07fc552e   0x00000002   Data   RO         3450    .constdata          user_custs1_def.o
    0x07fc5530   0x07fc5530   0x00000002   Data   RO         3451    .constdata          user_custs1_def.o
    0x07fc5532   0x07fc5532   0x00000002   Data   RO         3452    .constdata          user_custs1_def.o
    0x07fc5534   0x07fc5534   0x00000002   Data   RO         3453    .constdata          user_custs1_def.o
    0x07fc5536   0x07fc5536   0x00000002   Data   RO         3454    .constdata          user_custs1_def.o
    0x07fc5538   0x07fc5538   0x00000002   Data   RO         3455    .constdata          user_custs1_def.o
    0x07fc553a   0x07fc553a   0x00000001   Data   RO         3456    .constdata          user_custs1_def.o
    0x07fc553b   0x07fc553b   0x00000001   PAD
    0x07fc553c   0x07fc553c   0x000000c8   Data   RO         3458    .constdata          user_custs1_def.o
    0x07fc5604   0x07fc5604   0x00000024   Data   RO         3595    .constdata          da14531.lib(patch.o)
    0x07fc5628   0x07fc5628   0x00000020   Data   RO         3615    Region$$Table       anon$$obj.o
    0x07fc5648   0x07fc5648   0x00000001   Data   RW         2338    .data               rf_531.o
    0x07fc5649   0x07fc5649   0x00000003   PAD
    0x07fc564c   0x07fc564c   0x00000011   Data   RW         3490    .data               user_proxr.o
    0x07fc565d   0x07fc565d   0x00000001   Data   RW         3561    .data               app_pwm.o


    Execution Region ER_PRODTEST (Exec base: 0x07fc5660, Load base: 0x07fc5660, Size: 0x00000000, Max: 0xffffffff, ABSOLUTE, UNINIT)

    **** No section assigned to this execution region ****


    Execution Region ER_ZI (Exec base: 0x07fc5660, Load base: 0x07fc5660, Size: 0x000006c8, Max: 0xffffffff, ABSOLUTE)

    Exec Addr    Load Addr    Size         Type   Attr      Idx    E Section Name        Object

    0x07fc5660        -       0x0000000c   Zero   RW          691    .bss                arch_system.o
    0x07fc566c        -       0x00000004   Zero   RW          908    .bss                otp_cs.o
    0x07fc5670        -       0x00000002   Zero   RW          954    .bss                syscntl.o
    0x07fc5672        -       0x00000002   Zero   RW         1168    .bss                adc_531.o
    0x07fc5674        -       0x00000030   Zero   RW         1756    .bss                i2c.o
    0x07fc56a4        -       0x00000014   Zero   RW         2015    .bss                trng.o
    0x07fc56b8        -       0x00000004   Zero   RW         2266    .bss                rwip.o
    0x07fc56bc        -       0x0000002e   Zero   RW         2337    .bss                rf_531.o
    0x07fc56ea   0x07fc5660   0x00000002   PAD
    0x07fc56ec        -       0x00000008   Zero   RW         3487    .bss                user_proxr.o
    0x07fc56f4        -       0x00000017   Zero   RW         3537    .bss                user_led.o
    0x07fc570b   0x07fc5660   0x00000001   PAD
    0x07fc570c        -       0x0000001c   Zero   RW         3560    .bss                app_pwm.o
    0x07fc5728        -       0x00000600   Zero   RW          314    STACK               startup_da14531.o


    Execution Region ER_NZI (Exec base: 0x07fc5d28, Load base: 0x07fc5660, Size: 0x0000040c, Max: 0xffffffff, ABSOLUTE, UNINIT)

    Exec Addr    Load Addr    Size         Type   Attr      Idx    E Section Name        Object

    0x07fc5d28        -       0x0000040c   Zero   RW          573    heap_mem_area_not_ret  jump_table.o


    Execution Region ER_STATEFUL_HIBERNATION (Exec base: 0x07fc6134, Load base: 0x07fc5660, Size: 0x00000000, Max: 0xffffffff, ABSOLUTE, UNINIT)

    **** No section assigned to this execution region ****



  Load Region LR_RETAINED_RAM0 (Base: 0x07fc8bc0, Size: 0x00000000, Max: 0x00001440, ABSOLUTE)

    Execution Region RET_DATA_UNINIT (Exec base: 0x07fc8bc0, Load base: 0x07fc8bc0, Size: 0x00000000, Max: 0x00000000, ABSOLUTE, UNINIT)

    **** No section assigned to this execution region ****


    Execution Region RET_DATA (Exec base: 0x07fc8bc0, Load base: 0x07fc8bc0, Size: 0x000002e0, Max: 0x00000800, ABSOLUTE)

    Exec Addr    Load Addr    Size         Type   Attr      Idx    E Section Name        Object

    0x07fc8bc0        -       0x00000008   Zero   RW          390    retention_mem_area0  arch_main.o
    0x07fc8bc8        -       0x00000004   Zero   RW          650    retention_mem_area0  arch_sleep.o
    0x07fc8bcc   0x07fc8bc0   0x00000004   PAD
    0x07fc8bd0        -       0x00000030   Zero   RW          695    retention_mem_area0  arch_system.o
    0x07fc8c00        -       0x00000002   Zero   RW          856    retention_mem_area0  arch_rom.o
    0x07fc8c02   0x07fc8bc0   0x00000002   PAD
    0x07fc8c04        -       0x0000005c   Zero   RW          910    retention_mem_area0  otp_cs.o
    0x07fc8c60        -       0x00000014   Zero   RW         1002    retention_mem_area0  gpio.o
    0x07fc8c74        -       0x0000000c   Zero   RW         1079    retention_mem_area0  wkupct_quadec.o
    0x07fc8c80        -       0x00000004   Zero   RW         1169    retention_mem_area0  adc_531.o
    0x07fc8c84        -       0x00000040   Zero   RW         1232    retention_mem_area0  uart.o
    0x07fc8cc4        -       0x00000001   Zero   RW         1965    retention_mem_area0  hw_otpc_531.o
    0x07fc8cc5   0x07fc8bc0   0x00000003   PAD
    0x07fc8cc8        -       0x00000004   Zero   RW         2049    retention_mem_area0  rtc.o
    0x07fc8ccc        -       0x00000010   Zero   RW         2127    retention_mem_area0  timer1.o
    0x07fc8cdc        -       0x00000008   Zero   RW         2217    retention_mem_area0  rwble.o
    0x07fc8ce4        -       0x00000004   Zero   RW         2268    retention_mem_area0  rwip.o
    0x07fc8ce8        -       0x00000004   Zero   RW         2269    retention_mem_area0  rwip.o
    0x07fc8cec        -       0x00000008   Zero   RW         2339    retention_mem_area0  rf_531.o
    0x07fc8cf4        -       0x00000048   Zero   RW         2423    retention_mem_area0  prf.o
    0x07fc8d3c        -       0x00000048   Zero   RW         2668    retention_mem_area0  app.o
    0x07fc8d84        -       0x00000014   Zero   RW         2669    retention_mem_area0  app.o
    0x07fc8d98        -       0x00000001   Zero   RW         2808    retention_mem_area0  app_task.o
    0x07fc8d99   0x07fc8bc0   0x00000001   PAD
    0x07fc8d9a        -       0x0000007a   Zero   RW         2841    retention_mem_area0  app_security.o
    0x07fc8e14        -       0x00000018   Zero   RW         2942    retention_mem_area0  app_easy_msg_utils.o
    0x07fc8e2c        -       0x00000018   Zero   RW         2995    retention_mem_area0  app_easy_security.o
    0x07fc8e44        -       0x00000050   Zero   RW         3152    retention_mem_area0  app_easy_timer.o
    0x07fc8e94        -       0x00000006   Zero   RW         3220    retention_mem_area0  app_bass.o
    0x07fc8e9a        -       0x00000001   Zero   RW         3491    retention_mem_area0  user_proxr.o
    0x07fc8e9b        -       0x00000001   Zero   RW         3539    retention_mem_area0  user_led.o
    0x07fc8e9c        -       0x00000003   Zero   RW         3596    retention_mem_area0  da14531.lib(patch.o)


    Execution Region RET_HEAP (Exec base: 0x07fc8ea0, Load base: 0x07fc8bc0, Size: 0x00000c40, Max: 0x00000c40, ABSOLUTE, UNINIT)

    Exec Addr    Load Addr    Size         Type   Attr      Idx    E Section Name        Object

    0x07fc8ea0        -       0x0000040c   Zero   RW          571    heap_db_area        jump_table.o
    0x07fc92ac        -       0x000002b8   Zero   RW          572    heap_env_area       jump_table.o
    0x07fc9564        -       0x0000057c   Zero   RW          574    heap_msg_area       jump_table.o



  Load Region LR_FREE_AREA (Base: 0x07fcb4ac, Size: 0x00000000, Max: 0x000003f0, ABSOLUTE)

    Execution Region ER_FREE_AREA (Exec base: 0x07fcb4ac, Load base: 0x07fcb4ac, Size: 0x00000000, Max: 0x000003f0, ABSOLUTE)

    **** No section assigned to this execution region ****



  Load Region LR_RETAINED_TRNG_STATE (Base: 0x07fcb89c, Size: 0x00000000, Max: 0x00000004, ABSOLUTE)

    Execution Region RET_DATA_UNINIT_TRNG_STATE (Exec base: 0x07fcb89c, Load base: 0x07fcb89c, Size: 0x00000004, Max: 0x00000004, ABSOLUTE, UNINIT)

    Exec Addr    Load Addr    Size         Type   Attr      Idx    E Section Name        Object

    0x07fcb89c        -       0x00000004   Zero   RW         2016    trng_state          trng.o



  Load Region LR_RETAINED_CHACHA_STATE (Base: 0x07fcb8a0, Size: 0x00000000, Max: 0x00000060, ABSOLUTE)

    Execution Region RET_DATA_UNINIT_CHACHA_STATE (Exec base: 0x07fcb8a0, Load base: 0x07fcb8a0, Size: 0x00000060, Max: 0x00000060, ABSOLUTE, UNINIT)

    Exec Addr    Load Addr    Size         Type   Attr      Idx    E Section Name        Object

    0x07fcb8a0        -       0x00000060   Zero   RW          879    chacha20_state      chacha20.o


==============================================================================

Image component sizes


      Code (inc. data)   RO Data    RW Data    ZI Data      Debug   Object Name

       980         32          0          0          6      18115   adc_531.o
       768         74         92          0         92      19205   app.o
       292         22          0          0          6       3591   app_bass.o
       128         22         40          0          0       3675   app_bass_task.o
        96          8          0          0          0       1844   app_customs.o
        24          0          0          0          0       1437   app_customs_task.o
       320         24          0          0          0       8396   app_default_handlers.o
        60          4          0          0          0       1386   app_diss.o
       220         98          8          0          0       2447   app_diss_task.o
       200         14          0          0         24       3674   app_easy_msg_utils.o
       308         18          7          0         24      12130   app_easy_security.o
       380         24          0          0         80       5519   app_easy_timer.o
         0          0        204          0          0       2796   app_entry_point.o
        40          4          0          0          0       1407   app_msg_utils.o
       260         22          0          1         28       4524   app_pwm.o
        60          6          0          0        122       3828   app_security.o
       324         30         56          0          0       4866   app_security_task.o
       512         20        112          0          1      10866   app_task.o
        12          0          0          0          0       1309   app_utils.o
       748         76          0          0          8      25447   arch_main.o
       340        134        112          0          2       2640   arch_rom.o
       208         18          0          0          4       3864   arch_sleep.o
      1236         78          8          0         60      94927   arch_system.o
       308         32         32          0          0       3418   battery.o
       720         62        112          0          0      76800   ble_arp.o
         0          0         16          0         96       1363   chacha20.o
         0          0         16          0          0       1358   custs1.o
       304         12         80          0          0       7110   custs1_task.o
       524         32          0          0         20      13375   gpio.o
         2          0          0          0          0       2997   hardfault_handler.o
       388         38         28          0          1       4906   hw_otpc_531.o
        56         12          0          0         48       8468   i2c.o
        84          0        616          0       4172      11791   jump_table.o
        48          6          0          0          0       8627   nmi_handler.o
         0          0         22          0          0       4949   nvds.o
       792         66          0          8         96       6906   otp_cs.o
        16          4          0          0          0       1109   otp_hdr.o
       160         10         44          0         72       3622   prf.o
      1228        128          0          1         54       6323   rf_531.o
        28         10          0          0          4       3902   rtc.o
       452         36          0          0          8      75734   rwble.o
       468         60          0          0         12      74518   rwip.o
        80         16        160          0       1536        760   startup_da14531.o
       280         18          0          0          2       5272   syscntl.o
       148         22          0          0          0     289926   system_da14531.o
       100         10          0          0         16       3093   timer1.o
       160         14          0          0          0       2921   timer2.o
       124         16          0          0         24       2156   trng.o
       352         14          0          0         64      11684   uart.o
         0          0        231          0          0       1323   user_custs1_def.o
         0          0         56          0          0        817   user_custs_config.o
       556         30          0          0         24       4261   user_led.o
       204          6          0          0          0       2712   user_periph_setup.o
      1252         96          0         17          9       8353   user_proxr.o
       392         24          0          0         12      13090   wkupct_quadec.o

    ----------------------------------------------------------------------
     16744       1502       2086         32       6820     901537   Object Totals
         0          0         32          0         80          0   (incl. Generated)
         2          0          2          5         13          0   (incl. Padding)

    ----------------------------------------------------------------------

      Code (inc. data)   RO Data    RW Data    ZI Data      Debug   Library Member Name

      3024        126         36          0          3        564   patch.o
         0          0          0          0          0          0   entry.o
         0          0          0          0          0          0   entry10a.o
         0          0          0          0          0          0   entry11a.o
         8          4          0          0          0          0   entry2.o
         4          0          0          0          0          0   entry5.o
         0          0          0          0          0          0   entry7b.o
         0          0          0          0          0          0   entry8b.o
         8          4          0          0          0          0   entry9a.o
        30          0          0          0          0          0   handlers.o
        36          8          0          0          0         68   init.o

    ----------------------------------------------------------------------
      3110        142         36          0          4        632   Library Totals
         0          0          0          0          1          0   (incl. Padding)

    ----------------------------------------------------------------------

      Code (inc. data)   RO Data    RW Data    ZI Data      Debug   Library Name

      3024        126         36          0          3        564   da14531.lib
        86         16          0          0          0         68   mc_p.l

    ----------------------------------------------------------------------
      3110        142         36          0          4        632   Library Totals

    ----------------------------------------------------------------------

==============================================================================


      Code (inc. data)   RO Data    RW Data    ZI Data      Debug   

     19854       1644       2122         32       6824     898669   Grand Totals
     19854       1644       2122         32       6824     898669   ELF Image Totals
     19854       1644       2122         32          0          0   ROM Totals

==============================================================================

    Total RO  Size (Code + RO Data)                21976 (  21.46kB)
    Total RW  Size (RW Data + ZI Data)              6856 (   6.70kB)
    Total ROM Size (Code + RO Data + RW Data)      22008 (  21.49kB)

==============================================================================

