<html>
<body>
<pre>
<h1>µVision Build Log</h1>
<h2>Tool Versions:</h2>
IDE-Version: ¦ÌVision V5.25.2.0
Copyright (C) 2018 ARM Ltd and ARM Germany GmbH. All rights reserved.
License Information: Jon Jon, Jon, LIC=----
 
Tool Versions:
Toolchain:       MDK-Lite  Version: 5.25.2.0
Toolchain Path:  C:\Keil_v5\ARM\ARMCC\Bin
C Compiler:      Armcc.exe V5.06 update 6 (build 750)
Assembler:       Armasm.exe V5.06 update 6 (build 750)
Linker/Locator:  ArmLink.exe V5.06 update 6 (build 750)
Library Manager: ArmAr.exe V5.06 update 6 (build 750)
Hex Converter:   FromElf.exe V5.06 update 6 (build 750)
CPU DLL:         SARMCM3.DLL V5.25.2.0
Dialog DLL:      DARMCM1.DLL V1.19.1.0
Target DLL:      Segger\JL2CM3.dll V2.99.29.0
Dialog DLL:      TARMCM1.DLL V1.14.0.0
 
<h2>Project:</h2>
C:\Users\Jon\Desktop\Temp\hcc-china\projects\target_apps\ble_examples\prox_reporter\Keil_5\prox_reporter.uvprojx
Project File Date:  01/04/2022

<h2>Output:</h2>
*** Using Compiler 'V5.06 update 6 (build 750)', folder: 'C:\Keil_v5\ARM\ARMCC\Bin'
Rebuild target 'DA14531'
assembling startup_DA14531.s...
compiling arch_console.c...
compiling system_DA14531.c...
compiling nmi_handler.c...
compiling nvds.c...
compiling hardfault_handler.c...
compiling jump_table.c...
compiling arch_main.c...
compiling arch_sleep.c...
compiling chacha20.c...
compiling arch_hibernation.c...
compiling arch_rom.c...
compiling hash.c...
compiling otp_cs.c...
compiling arch_system.c...
compiling otp_hdr.c...
compiling syscntl.c...
compiling gpio.c...
compiling wkupct_quadec.c...
compiling battery.c...
compiling dma.c...
compiling adc_531.c...
compiling uart.c...
compiling spi_531.c...
compiling spi_flash.c...
compiling i2c.c...
compiling i2c_eeprom.c...
compiling hw_otpc_531.c...
compiling trng.c...
compiling timer1.c...
compiling rtc.c...
compiling timer2.c...
compiling rf_585.c...
compiling prf.c...
compiling rf_531.c...
compiling rwip.c...
compiling diss.c...
compiling prf_utils.c...
compiling ble_arp.c...
compiling rwble.c...
compiling diss_task.c...
compiling bass.c...
compiling bass_task.c...
compiling proxr.c...
compiling proxr_task.c...
compiling suotar.c...
compiling suotar_task.c...
compiling custom_common.c...
compiling custs1.c...
compiling custs1_task.c...
compiling app_default_handlers.c...
compiling app.c...
compiling app_security.c...
compiling app_task.c...
compiling app_security_task.c...
compiling app_entry_point.c...
compiling app_msg_utils.c...
compiling app_easy_msg_utils.c...
compiling app_diss.c...
compiling app_easy_timer.c...
compiling app_easy_security.c...
compiling app_diss_task.c...
compiling app_bass.c...
compiling app_bass_task.c...
compiling app_proxr.c...
compiling app_proxr_task.c...
compiling app_suotar.c...
compiling app_suotar_task.c...
compiling app_utils.c...
compiling app_bond_db.c...
compiling app_easy_whitelist.c...
compiling app_customs.c...
compiling app_customs_common.c...
compiling app_customs_task.c...
compiling user_custs_config.c...
compiling user_custs1_def.c...
compiling user_periph_setup.c...
..\src\platform\user_periph_setup.c(162): warning:  #188-D: enumerated type mixed with another type
  		GPIO_ConfigurePin(GPIO_BAT_AD_PORT, GPIO_BAT_AD_PIN, INPUT, FUNC_ADC, false);
..\src\platform\user_periph_setup.c: 1 warning, 0 errors
compiling user_proxr.c...
compiling user_led.c...
compiling app_pwm.c...
linking...
Program Size: Code=19854 RO-data=2122 RW-data=32 ZI-data=6824  
FromELF: creating hex file...
After Build - User command #1: fromelf --bincombined --output=".\out_DA14531\Objects\prox_reporter_531.bin"  ".\out_DA14531\Objects\prox_reporter_531.axf"
".\out_DA14531\Objects\prox_reporter_531.axf" - 0 Error(s), 1 Warning(s).

<h2>Software Packages used:</h2>

Package Vendor: ARM
                http://www.keil.com/pack/ARM.CMSIS.5.8.0.pack
                ARM.CMSIS.5.8.0
                CMSIS (Common Microcontroller Software Interface Standard)

<h2>Collection of Component include folders:</h2>
  .\RTE\_DA14531
  C:\Users\Jon\AppData\Local\Arm\Packs\ARM\CMSIS\5.8.0\Device\ARM\ARMCM0plus\Include

<h2>Collection of Component Files used:</h2>
Build Time Elapsed:  00:00:12
</pre>
</body>
</html>
